---
source: crates/rattler_conda_types/src/repo_data/mod.rs
expression: json
---
{
  "info": {
    "subdir": "linux-64",
    "base_url": "../linux-64"
  },
  "packages": {
    "bar-1.0-unix_py36h1af98f8_2.tar.bz2": {
      "build": "unix_py36h1af98f8_2",
      "build_number": 1,
      "depends": [
        "__unix"
      ],
      "license": "MIT",
      "license_family": "MIT",
      "md5": "bc13aa58e2092bcb0b97c561373d3905",
      "name": "bar",
      "sha256": "97ec377d2ad83dfef1194b7aa31b0c9076194e10d995a6e696c9d07dd782b14a",
      "size": 414494,
      "subdir": "linux-64",
      "timestamp": 1605110689658,
      "version": "1.2.3"
    },
    "baz-1.0-unix_py36h1af98f8_2.tar.bz2": {
      "build": "unix_py36h1af98f8_2",
      "build_number": 1,
      "depends": [
        "__unix"
      ],
      "license": "MIT",
      "license_family": "MIT",
      "md5": "bc13aa58e2092bcb0b97c561373d3905",
      "name": "baz",
      "sha256": "97ec377d2ad83dfef1194b7aa31b0c9076194e10d995a6e696c9d07dd782b14a",
      "size": 414494,
      "subdir": "linux-64",
      "timestamp": 1605110689658,
      "version": "1.2.3"
    },
    "baz-2.0-unix_py36h1af98f8_2.tar.bz2": {
      "build": "unix_py36h1af98f8_2",
      "build_number": 1,
      "depends": [],
      "license": "MIT",
      "license_family": "MIT",
      "md5": "bc13aa58e2092bcb0b97c561373d3905",
      "name": "baz",
      "sha256": "97ec377d2ad83dfef1194b7aa31b0c9076194e10d995a6e696c9d07dd782b14a",
      "size": 414494,
      "subdir": "linux-64",
      "timestamp": 1715610974,
      "version": "2.0"
    },
    "bors-1.0-bla_1.tar.bz2": {
      "build": "bla_1",
      "build_number": 1,
      "depends": [],
      "license": "MIT",
      "license_family": "MIT",
      "md5": "bc13aa58e2092bcb0b97c561373d3905",
      "name": "bors",
      "sha256": "97ec377d2ad83dfef1194b7aa31b0c9076194e10d995a6e696c9d07dd782b14a",
      "size": 414494,
      "subdir": "linux-64",
      "timestamp": 1605110689658,
      "version": "1.0"
    },
    "bors-1.1-bla_1.tar.bz2": {
      "build": "bla_1",
      "build_number": 1,
      "depends": [],
      "license": "MIT",
      "license_family": "MIT",
      "md5": "bc13aa58e2092bcb0b97c561373d3905",
      "name": "bors",
      "sha256": "97ec377d2ad83dfef1194b7aa31b0c9076194e10d995a6e696c9d07dd782b14a",
      "size": 414494,
      "subdir": "linux-64",
      "timestamp": 1605110689658,
      "version": "1.1"
    },
    "bors-1.2.1-bla_1.tar.bz2": {
      "build": "bla_1",
      "build_number": 1,
      "depends": [],
      "license": "MIT",
      "license_family": "MIT",
      "md5": "bc13aa58e2092bcb0b97c561373d3905",
      "name": "bors",
      "sha256": "97ec377d2ad83dfef1194b7aa31b0c9076194e10d995a6e696c9d07dd782b14a",
      "size": 414494,
      "subdir": "linux-64",
      "timestamp": 1605110689658,
      "version": "1.2.1"
    },
    "bors-2.0-bla_1.tar.bz2": {
      "build": "bla_1",
      "build_number": 1,
      "depends": [],
      "license": "MIT",
      "license_family": "MIT",
      "md5": "bc13aa58e2092bcb0b97c561373d3905",
      "name": "bors",
      "sha256": "97ec377d2ad83dfef1194b7aa31b0c9076194e10d995a6e696c9d07dd782b14a",
      "size": 414494,
      "subdir": "linux-64",
      "timestamp": 1715610974,
      "version": "2.0"
    },
    "bors-2.1-bla_1.tar.bz2": {
      "build": "bla_1",
      "build_number": 1,
      "depends": [],
      "license": "MIT",
      "license_family": "MIT",
      "md5": "bc13aa58e2092bcb0b97c561373d3905",
      "name": "bors",
      "sha256": "97ec377d2ad83dfef1194b7aa31b0c9076194e10d995a6e696c9d07dd782b14a",
      "size": 414494,
      "subdir": "linux-64",
      "timestamp": 1715610974,
      "version": "2.1"
    },
    "cuda-version-12.5-hd4f0392_3.conda": {
      "build": "hd4f0392_3",
      "build_number": 3,
      "constrains": [
        "__cuda >=12.1"
      ],
      "depends": [],
      "license": "LicenseRef-NVIDIA-End-User-License-Agreement",
      "license_family": "LicenseRef-NVIDIA-End-User-License-Agreement",
      "md5": "6ae1a563a4aa61e55e8ae8260f0d021b",
      "name": "cuda-version",
      "sha256": "e45a5d14909296abd0784a073da9ee5c420fa58671fbc999f8a9ec898cf3486b",
      "size": 21151,
      "subdir": "noarch",
      "timestamp": 1716314536803,
      "version": "12.5"
    },
    "foo-3.0.2-py36h1af98f8_1.conda": {
      "build": "py36h1af98f8_1",
      "build_number": 1,
      "depends": [],
      "license": "MIT",
      "license_family": "MIT",
      "md5": "fb731d9290f0bcbf3a054665f33ec94f",
      "name": "foo",
      "sha256": "67a63bec3fd3205170eaad532d487595b8aaceb9814d13c6858d7bac3ef24cd4",
      "size": 414494,
      "subdir": "linux-64",
      "timestamp": 1715610974,
      "version": "3.0.2"
    },
    "foo-3.0.2-py36h1af98f8_1.tar.bz2": {
      "build": "py36h1af98f8_1",
      "build_number": 1,
      "depends": [],
      "license": "MIT",
      "license_family": "MIT",
      "md5": "d65ab674acf3b7294ebacaec05fc5b54",
      "name": "foo",
      "sha256": "1154fceeb5c4ee9bb97d245713ac21eb1910237c724d2b7103747215663273c2",
      "size": 414494,
      "subdir": "linux-64",
      "timestamp": 1605110689658,
      "version": "3.0.2"
    },
    "foo-3.0.2-py36h1af98f8_2.conda": {
      "build": "py36h1af98f8_2",
      "build_number": 2,
      "depends": [],
      "license": "MIT",
      "license_family": "MIT",
      "md5": "fb731d9290f0bcbf3a054665f33ec94f",
      "name": "foo",
      "sha256": "67a63bec3fd3205170eaad532d487595b8aaceb9814d13c6858d7bac3ef24cd4",
      "size": 414494,
      "subdir": "linux-64",
      "timestamp": 1715610974,
      "version": "3.0.2"
    },
    "foo-3.0.2-py36h1af98f8_3.conda": {
      "build": "py36h1af98f8_3",
      "build_number": 3,
      "constrains": [
        "bors <2.0"
      ],
      "depends": [],
      "license": "MIT",
      "license_family": "MIT",
      "md5": "fb731d9290f0bcbf3a054665f33ec94f",
      "name": "foo",
      "sha256": "67a63bec3fd3205170eaad532d487595b8aaceb9814d13c6858d7bac3ef24cd4",
      "size": 414494,
      "subdir": "linux-64",
      "timestamp": 1715610974,
      "version": "3.0.2"
    },
    "foo-4.0.2-py36h1af98f8_2.tar.bz2": {
      "build": "py36h1af98f8_2",
      "build_number": 1,
      "depends": [],
      "license": "MIT",
      "license_family": "MIT",
      "md5": "bc13aa58e2092bcb0b97c561373d3905",
      "name": "foo",
      "sha256": "97ec377d2ad83dfef1194b7aa31b0c9076194e10d995a6e696c9d07dd782b14a",
      "size": 414494,
      "subdir": "linux-64",
      "timestamp": 1715610974,
      "version": "4.0.2"
    },
    "foobar-2.0-bla_1.tar.bz2": {
      "build": "bla_1",
      "build_number": 1,
      "depends": [
        "bors <2.0"
      ],
      "license": "MIT",
      "license_family": "MIT",
      "md5": "bc13aa58e2092bcb0b97c561373d3905",
      "name": "foobar",
      "sha256": "97ec377d2ad83dfef1194b7aa31b0c9076194e10d995a6e696c9d07dd782b14a",
      "size": 414494,
      "subdir": "linux-64",
      "timestamp": 1605110689658,
      "version": "2.0"
    },
    "foobar-2.1-bla_1.tar.bz2": {
      "build": "bla_1",
      "build_number": 1,
      "depends": [
        "bors <2.0"
      ],
      "license": "MIT",
      "license_family": "MIT",
      "md5": "bc13aa58e2092bcb0b97c561373d3905",
      "name": "foobar",
      "sha256": "97ec377d2ad83dfef1194b7aa31b0c9076194e10d995a6e696c9d07dd782b14a",
      "size": 414494,
      "subdir": "linux-64",
      "timestamp": 1715610974,
      "version": "2.1"
    },
    "issue_717-2.1-bla_1.tar.bz2": {
      "build": "issue_717",
      "build_number": 0,
      "constrains": [
        "ray[default,data] >=2.9.0,<3.0.0"
      ],
      "depends": [],
      "license": "MIT",
      "license_family": "MIT",
      "md5": "bc13aa58e2092bcb0b97c561373d3905",
      "name": "issue_717",
      "sha256": "97ec377d2ad83dfef1194b7aa31b0c9076194e10d995a6e696c9d07dd782b14a",
      "size": 414494,
      "subdir": "linux-64",
      "timestamp": 1715610974,
      "version": "2.1"
    },
    "xbar-1-xxx.tar.bz2": {
      "build": "xxx",
      "build_number": 0,
      "depends": [
        "xfoo >=2"
      ],
      "license": "MIT",
      "license_family": "MIT",
      "md5": "bc13aa58e2092bcb0b97c561373d3905",
      "name": "xbar",
      "sha256": "97ec377d2ad83dfef1194b7aa31b0c9076194e10d995a6e696c9d07dd782b14a",
      "size": 414494,
      "subdir": "linux-64",
      "timestamp": 1715610974,
      "version": "1"
    },
    "xfoo-1-xxx.tar.bz2": {
      "build": "xxx",
      "build_number": 0,
      "depends": [],
      "license": "MIT",
      "license_family": "MIT",
      "md5": "bc13aa58e2092bcb0b97c561373d3905",
      "name": "xfoo",
      "sha256": "97ec377d2ad83dfef1194b7aa31b0c9076194e10d995a6e696c9d07dd782b14a",
      "size": 414494,
      "subdir": "linux-64",
      "timestamp": 1715610974,
      "version": "1"
    },
    "xfoo-2-xxx.tar.bz2": {
      "build": "xxx",
      "build_number": 0,
      "depends": [],
      "license": "MIT",
      "license_family": "MIT",
      "md5": "bc13aa58e2092bcb0b97c561373d3905",
      "name": "xfoo",
      "sha256": "97ec377d2ad83dfef1194b7aa31b0c9076194e10d995a6e696c9d07dd782b14a",
      "size": 414494,
      "subdir": "linux-64",
      "timestamp": 1715610974,
      "version": "2"
    }
  },
  "packages.conda": {},
  "repodata_version": 2
}
