---
source: crates/rattler_config/src/lib.rs
expression: saved_content
---
default_channels = [
    "conda-forge",
    "pytorch",
    "nvidia",
]
tls_no_verify = false
array_field = []

[concurrency]
solves = 6
downloads = 50

[s3_options.test-bucket]
endpoint-url = "https://s3.amazonaws.com/"
region = "us-east-1"
force-path-style = false

[nested]
