---
source: crates/rattler_config/src/lib.rs
expression: toml_output
---
tls-no-verify = false
array_field = []

[s3-options.production-bucket]
endpoint-url = "https://s3.us-east-1.amazonaws.com/"
region = "us-west-1"

[s3-options.dev-bucket]
endpoint-url = "https://minio.dev.example.com/"
region = "us-west-2"

[nested]
