---
source: crates/rattler_solve/tests/backends.rs
expression: result.unwrap_err()
---
Cannot solve the request because of: The following packages are incompatible
└─ bors >=2 can be installed with any of the following options:
   └─ bors 2.0 | 2.1
├─ bors 1.0 is locked, but another version is required as reported above
├─ bors 1.0 is locked, but another version is required as reported above

