---
source: crates/rattler_solve/tests/backends.rs
expression: result
---
Ok(
    [
        RepoDataRecord {
            package_record: PackageRecord {
                arch: None,
                build: "hd4f0392_3",
                build_number: 3,
                constrains: [
                    "__cuda >=12.1",
                ],
                depends: [],
                features: None,
                legacy_bz2_md5: None,
                legacy_bz2_size: None,
                license: Some(
                    "LicenseRef-NVIDIA-End-User-License-Agreement",
                ),
                license_family: Some(
                    "LicenseRef-NVIDIA-End-User-License-Agreement",
                ),
                md5: Some(
                    [
                        106,
                        225,
                        165,
                        99,
                        164,
                        170,
                        97,
                        229,
                        94,
                        138,
                        232,
                        38,
                        15,
                        13,
                        2,
                        27,
                    ],
                ),
                name: PackageName {
                    normalized: None,
                    source: "cuda-version",
                },
                noarch: NoArchType(
                    None,
                ),
                optional_depends: {
                    "with-cudadev": [
                        "foo >=4.0.2",
                        "bar >=1.2.3",
                    ],
                },
                platform: None,
                purls: None,
                python_site_packages_path: None,
                run_exports: None,
                sha256: Some(
                    [
                        228,
                        90,
                        93,
                        20,
                        144,
                        146,
                        150,
                        171,
                        208,
                        120,
                        74,
                        7,
                        61,
                        169,
                        238,
                        92,
                        66,
                        15,
                        165,
                        134,
                        113,
                        251,
                        201,
                        153,
                        248,
                        169,
                        236,
                        137,
                        140,
                        243,
                        72,
                        107,
                    ],
                ),
                size: Some(
                    21151,
                ),
                subdir: "noarch",
                timestamp: Some(
                    2024-05-21T18:02:16.803Z,
                ),
                track_features: [],
                version: VersionWithSource {
                    version: Version {
                        version: [[0], [12], [5]],
                        local: [],
                    },
                    source: Some(
                        "12.5",
                    ),
                },
            },
            file_name: "cuda-version-12.5-hd4f0392_3.conda",
            url: Url {
                scheme: "https",
                cannot_be_a_base: false,
                username: "",
                password: None,
                host: Some(
                    Domain(
                        "conda.anaconda.org",
                    ),
                ),
                port: None,
                path: "/conda-forge/linux-64/cuda-version-12.5-hd4f0392_3.conda",
                query: None,
                fragment: None,
            },
            channel: Some(
                "https://conda.anaconda.org/conda-forge/",
            ),
            selected_feature: Some(
                "with-cudadev",
            ),
        },
        RepoDataRecord {
            package_record: PackageRecord {
                arch: None,
                build: "hd4f0392_3",
                build_number: 3,
                constrains: [
                    "__cuda >=12.1",
                ],
                depends: [],
                features: None,
                legacy_bz2_md5: None,
                legacy_bz2_size: None,
                license: Some(
                    "LicenseRef-NVIDIA-End-User-License-Agreement",
                ),
                license_family: Some(
                    "LicenseRef-NVIDIA-End-User-License-Agreement",
                ),
                md5: Some(
                    [
                        106,
                        225,
                        165,
                        99,
                        164,
                        170,
                        97,
                        229,
                        94,
                        138,
                        232,
                        38,
                        15,
                        13,
                        2,
                        27,
                    ],
                ),
                name: PackageName {
                    normalized: None,
                    source: "cuda-version",
                },
                noarch: NoArchType(
                    None,
                ),
                optional_depends: {
                    "with-cudadev": [
                        "foo >=4.0.2",
                        "bar >=1.2.3",
                    ],
                },
                platform: None,
                purls: None,
                python_site_packages_path: None,
                run_exports: None,
                sha256: Some(
                    [
                        228,
                        90,
                        93,
                        20,
                        144,
                        146,
                        150,
                        171,
                        208,
                        120,
                        74,
                        7,
                        61,
                        169,
                        238,
                        92,
                        66,
                        15,
                        165,
                        134,
                        113,
                        251,
                        201,
                        153,
                        248,
                        169,
                        236,
                        137,
                        140,
                        243,
                        72,
                        107,
                    ],
                ),
                size: Some(
                    21151,
                ),
                subdir: "noarch",
                timestamp: Some(
                    2024-05-21T18:02:16.803Z,
                ),
                track_features: [],
                version: VersionWithSource {
                    version: Version {
                        version: [[0], [12], [5]],
                        local: [],
                    },
                    source: Some(
                        "12.5",
                    ),
                },
            },
            file_name: "cuda-version-12.5-hd4f0392_3.conda",
            url: Url {
                scheme: "https",
                cannot_be_a_base: false,
                username: "",
                password: None,
                host: Some(
                    Domain(
                        "conda.anaconda.org",
                    ),
                ),
                port: None,
                path: "/conda-forge/linux-64/cuda-version-12.5-hd4f0392_3.conda",
                query: None,
                fragment: None,
            },
            channel: Some(
                "https://conda.anaconda.org/conda-forge/",
            ),
            selected_feature: None,
        },
        RepoDataRecord {
            package_record: PackageRecord {
                arch: None,
                build: "unix_py36h1af98f8_2",
                build_number: 1,
                constrains: [],
                depends: [],
                features: None,
                legacy_bz2_md5: None,
                legacy_bz2_size: None,
                license: Some(
                    "MIT",
                ),
                license_family: Some(
                    "MIT",
                ),
                md5: Some(
                    [
                        188,
                        19,
                        170,
                        88,
                        226,
                        9,
                        43,
                        203,
                        11,
                        151,
                        197,
                        97,
                        55,
                        61,
                        57,
                        5,
                    ],
                ),
                name: PackageName {
                    normalized: None,
                    source: "bar",
                },
                noarch: NoArchType(
                    None,
                ),
                optional_depends: {
                    "with-xfoo": [
                        "xfoo >=1",
                    ],
                },
                platform: None,
                purls: None,
                python_site_packages_path: None,
                run_exports: None,
                sha256: Some(
                    [
                        151,
                        236,
                        55,
                        125,
                        42,
                        216,
                        61,
                        254,
                        241,
                        25,
                        75,
                        122,
                        163,
                        27,
                        12,
                        144,
                        118,
                        25,
                        78,
                        16,
                        217,
                        149,
                        166,
                        230,
                        150,
                        201,
                        208,
                        125,
                        215,
                        130,
                        177,
                        74,
                    ],
                ),
                size: Some(
                    414494,
                ),
                subdir: "noarch",
                timestamp: Some(
                    2020-11-11T16:04:49.658Z,
                ),
                track_features: [],
                version: VersionWithSource {
                    version: Version {
                        version: [[0], [1], [2], [3]],
                        local: [],
                    },
                    source: Some(
                        "1.2.3",
                    ),
                },
            },
            file_name: "bar-1.0-unix_py36h1af98f8_2.tar.bz2",
            url: Url {
                scheme: "https",
                cannot_be_a_base: false,
                username: "",
                password: None,
                host: Some(
                    Domain(
                        "conda.anaconda.org",
                    ),
                ),
                port: None,
                path: "/conda-forge/linux-64/bar-1.0-unix_py36h1af98f8_2.tar.bz2",
                query: None,
                fragment: None,
            },
            channel: Some(
                "https://conda.anaconda.org/conda-forge/",
            ),
            selected_feature: None,
        },
        RepoDataRecord {
            package_record: PackageRecord {
                arch: None,
                build: "py36h1af98f8_2",
                build_number: 1,
                constrains: [],
                depends: [],
                features: None,
                legacy_bz2_md5: None,
                legacy_bz2_size: None,
                license: Some(
                    "MIT",
                ),
                license_family: Some(
                    "MIT",
                ),
                md5: Some(
                    [
                        188,
                        19,
                        170,
                        88,
                        226,
                        9,
                        43,
                        203,
                        11,
                        151,
                        197,
                        97,
                        55,
                        61,
                        57,
                        5,
                    ],
                ),
                name: PackageName {
                    normalized: None,
                    source: "foo",
                },
                noarch: NoArchType(
                    None,
                ),
                optional_depends: {
                    "with-xbar": [
                        "xbar >=1",
                    ],
                },
                platform: None,
                purls: None,
                python_site_packages_path: None,
                run_exports: None,
                sha256: Some(
                    [
                        151,
                        236,
                        55,
                        125,
                        42,
                        216,
                        61,
                        254,
                        241,
                        25,
                        75,
                        122,
                        163,
                        27,
                        12,
                        144,
                        118,
                        25,
                        78,
                        16,
                        217,
                        149,
                        166,
                        230,
                        150,
                        201,
                        208,
                        125,
                        215,
                        130,
                        177,
                        74,
                    ],
                ),
                size: Some(
                    414494,
                ),
                subdir: "noarch",
                timestamp: Some(
                    2024-05-13T14:36:14Z,
                ),
                track_features: [],
                version: VersionWithSource {
                    version: Version {
                        version: [[0], [4], [0], [2]],
                        local: [],
                    },
                    source: Some(
                        "4.0.2",
                    ),
                },
            },
            file_name: "foo-4.0.2-py36h1af98f8_2.tar.bz2",
            url: Url {
                scheme: "https",
                cannot_be_a_base: false,
                username: "",
                password: None,
                host: Some(
                    Domain(
                        "conda.anaconda.org",
                    ),
                ),
                port: None,
                path: "/conda-forge/linux-64/foo-4.0.2-py36h1af98f8_2.tar.bz2",
                query: None,
                fragment: None,
            },
            channel: Some(
                "https://conda.anaconda.org/conda-forge/",
            ),
            selected_feature: None,
        },
    ],
)
