---
source: crates/rattler_menuinst/src/render.rs
expression: schema
---
MenuInstSchema {
    id: "https://schemas.conda.io/menuinst-1.schema.json",
    schema: "https://json-schema.org/draft-07/schema",
    menu_name: "MNE-Python (__PKG_VERSION__)",
    menu_items: [
        MenuItem {
            name: "Spyder (MNE)",
            description: "The Spyder development environment",
            command: [
                "will be overridden in platforms section",
            ],
            icon: Some(
                "/home/prefix/menu/mne_spyder.png",
            ),
            precommand: None,
            precreate: None,
            working_dir: None,
            activate: Some(
                true,
            ),
            terminal: Some(
                false,
            ),
            platforms: Platforms {
                linux: Some(
                    Linux {
                        base: BasePlatformSpecific {
                            name: "",
                            description: "",
                            icon: None,
                            command: [
                                "spyder",
                            ],
                            working_dir: None,
                            precommand: None,
                            precreate: None,
                            activate: None,
                            terminal: None,
                        },
                        categories: Some(
                            [
                                "Science",
                            ],
                        ),
                        dbus_activatable: None,
                        generic_name: None,
                        hidden: None,
                        implements: None,
                        keywords: None,
                        mime_type: None,
                        no_display: None,
                        not_show_in: None,
                        only_show_in: None,
                        prefers_non_default_gpu: None,
                        startup_notify: None,
                        startup_wm_class: None,
                        try_exec: None,
                        glob_patterns: None,
                    },
                ),
                osx: Some(
                    MacOS {
                        base: BasePlatformSpecific {
                            name: "",
                            description: "",
                            icon: None,
                            command: [
                                "spyder",
                            ],
                            working_dir: None,
                            precommand: None,
                            precreate: None,
                            activate: None,
                            terminal: None,
                        },
                        cf_bundle_display_name: Some(
                            "Spyder (MNE-Python __PKG_VERSION__)",
                        ),
                        cf_bundle_identifier: None,
                        cf_bundle_name: Some(
                            "Spyder (MNE-Python __PKG_VERSION__)",
                        ),
                        cf_bundle_spoken_name: None,
                        cf_bundle_version: Some(
                            "__PKG_VERSION__",
                        ),
                        cf_bundle_url_types: None,
                        cf_bundle_document_types: None,
                        ls_application_category_type: None,
                        ls_background_only: None,
                        ls_environment: None,
                        ls_minimum_system_version: None,
                        ls_multiple_instances_prohibited: None,
                        ls_requires_native_execution: None,
                        ns_supports_automatic_graphics_switching: None,
                        ut_exported_type_declarations: None,
                        ut_imported_type_declarations: None,
                        entitlements: None,
                        link_in_bundle: None,
                        event_handler: None,
                    },
                ),
                win: Some(
                    Windows {
                        base: BasePlatformSpecific {
                            name: "",
                            description: "",
                            icon: None,
                            command: [
                                "{{ PYTHONW }}",
                                "{{ SCRIPTS_DIR }}\\spyder-script.py",
                            ],
                            working_dir: None,
                            precommand: None,
                            precreate: None,
                            activate: None,
                            terminal: None,
                        },
                        desktop: Some(
                            false,
                        ),
                        quicklaunch: None,
                        terminal_profile: None,
                        url_protocols: None,
                        file_extensions: None,
                        app_user_model_id: None,
                    },
                ),
            },
        },
        MenuItem {
            name: "System Info (MNE)",
            description: "Information on the MNE-Python runtime environment",
            command: [
                "/home/prefix/bin/python",
                "/home/prefix/menu/mne_sys_info.py",
            ],
            icon: Some(
                "/home/prefix/menu/mne_info.png",
            ),
            precommand: None,
            precreate: None,
            working_dir: None,
            activate: Some(
                true,
            ),
            terminal: Some(
                true,
            ),
            platforms: Platforms {
                linux: Some(
                    Linux {
                        base: BasePlatformSpecific {
                            name: "",
                            description: "",
                            icon: None,
                            command: [],
                            working_dir: None,
                            precommand: None,
                            precreate: None,
                            activate: None,
                            terminal: None,
                        },
                        categories: Some(
                            [
                                "Science",
                            ],
                        ),
                        dbus_activatable: None,
                        generic_name: None,
                        hidden: None,
                        implements: None,
                        keywords: None,
                        mime_type: None,
                        no_display: None,
                        not_show_in: None,
                        only_show_in: None,
                        prefers_non_default_gpu: None,
                        startup_notify: None,
                        startup_wm_class: None,
                        try_exec: None,
                        glob_patterns: None,
                    },
                ),
                osx: Some(
                    MacOS {
                        base: BasePlatformSpecific {
                            name: "",
                            description: "",
                            icon: None,
                            command: [],
                            working_dir: None,
                            precommand: None,
                            precreate: None,
                            activate: None,
                            terminal: None,
                        },
                        cf_bundle_display_name: Some(
                            "System Information (MNE-Python __PKG_VERSION__)",
                        ),
                        cf_bundle_identifier: None,
                        cf_bundle_name: Some(
                            "System Information (MNE-Python __PKG_VERSION__)",
                        ),
                        cf_bundle_spoken_name: None,
                        cf_bundle_version: Some(
                            "__PKG_VERSION__",
                        ),
                        cf_bundle_url_types: None,
                        cf_bundle_document_types: None,
                        ls_application_category_type: None,
                        ls_background_only: None,
                        ls_environment: None,
                        ls_minimum_system_version: None,
                        ls_multiple_instances_prohibited: None,
                        ls_requires_native_execution: None,
                        ns_supports_automatic_graphics_switching: None,
                        ut_exported_type_declarations: None,
                        ut_imported_type_declarations: None,
                        entitlements: None,
                        link_in_bundle: None,
                        event_handler: None,
                    },
                ),
                win: Some(
                    Windows {
                        base: BasePlatformSpecific {
                            name: "",
                            description: "",
                            icon: None,
                            command: [],
                            working_dir: None,
                            precommand: None,
                            precreate: None,
                            activate: None,
                            terminal: None,
                        },
                        desktop: Some(
                            false,
                        ),
                        quicklaunch: None,
                        terminal_profile: None,
                        url_protocols: None,
                        file_extensions: None,
                        app_user_model_id: None,
                    },
                ),
            },
        },
        MenuItem {
            name: "Prompt (MNE)",
            description: "MNE-Python console prompt",
            command: [
                "will be overridden in platforms section",
            ],
            icon: Some(
                "/home/prefix/menu/mne_console.png",
            ),
            precommand: None,
            precreate: None,
            working_dir: None,
            activate: Some(
                true,
            ),
            terminal: Some(
                true,
            ),
            platforms: Platforms {
                linux: Some(
                    Linux {
                        base: BasePlatformSpecific {
                            name: "",
                            description: "",
                            icon: None,
                            command: [
                                "exec",
                                "bash",
                                "--init-file",
                                "/home/prefix/menu/mne_open_prompt.sh",
                            ],
                            working_dir: None,
                            precommand: None,
                            precreate: None,
                            activate: None,
                            terminal: None,
                        },
                        categories: Some(
                            [
                                "Science",
                            ],
                        ),
                        dbus_activatable: None,
                        generic_name: None,
                        hidden: None,
                        implements: None,
                        keywords: None,
                        mime_type: None,
                        no_display: None,
                        not_show_in: None,
                        only_show_in: None,
                        prefers_non_default_gpu: None,
                        startup_notify: None,
                        startup_wm_class: None,
                        try_exec: None,
                        glob_patterns: None,
                    },
                ),
                osx: Some(
                    MacOS {
                        base: BasePlatformSpecific {
                            name: "",
                            description: "",
                            icon: None,
                            command: [
                                "osascript",
                                "/home/prefix/menu/mne_open_prompt.applescript",
                            ],
                            working_dir: None,
                            precommand: None,
                            precreate: None,
                            activate: None,
                            terminal: None,
                        },
                        cf_bundle_display_name: Some(
                            "Prompt (MNE-Python __PKG_VERSION__)",
                        ),
                        cf_bundle_identifier: None,
                        cf_bundle_name: Some(
                            "Prompt (MNE-Python __PKG_VERSION__)",
                        ),
                        cf_bundle_spoken_name: None,
                        cf_bundle_version: Some(
                            "__PKG_VERSION__",
                        ),
                        cf_bundle_url_types: None,
                        cf_bundle_document_types: None,
                        ls_application_category_type: None,
                        ls_background_only: None,
                        ls_environment: None,
                        ls_minimum_system_version: None,
                        ls_multiple_instances_prohibited: None,
                        ls_requires_native_execution: None,
                        ns_supports_automatic_graphics_switching: None,
                        ut_exported_type_declarations: None,
                        ut_imported_type_declarations: None,
                        entitlements: None,
                        link_in_bundle: None,
                        event_handler: None,
                    },
                ),
                win: Some(
                    Windows {
                        base: BasePlatformSpecific {
                            name: "",
                            description: "",
                            icon: None,
                            command: [
                                "%SystemRoot%\\system32\\cmd.exe",
                                "/K",
                                "/home/prefix/menu\\mne_open_prompt.bat",
                            ],
                            working_dir: None,
                            precommand: None,
                            precreate: None,
                            activate: None,
                            terminal: None,
                        },
                        desktop: Some(
                            false,
                        ),
                        quicklaunch: None,
                        terminal_profile: None,
                        url_protocols: None,
                        file_extensions: None,
                        app_user_model_id: None,
                    },
                ),
            },
        },
        MenuItem {
            name: "Tutorials (MNE)",
            description: "MNE-Python online tutorials",
            command: [
                "will be overridden in platforms section",
            ],
            icon: Some(
                "/home/prefix/menu/mne_web.png",
            ),
            precommand: None,
            precreate: None,
            working_dir: None,
            activate: Some(
                false,
            ),
            terminal: Some(
                false,
            ),
            platforms: Platforms {
                linux: Some(
                    Linux {
                        base: BasePlatformSpecific {
                            name: "",
                            description: "",
                            icon: None,
                            command: [
                                "xdg-open",
                                "https://mne.tools/stable/auto_tutorials/",
                            ],
                            working_dir: None,
                            precommand: None,
                            precreate: None,
                            activate: None,
                            terminal: None,
                        },
                        categories: Some(
                            [
                                "Science",
                            ],
                        ),
                        dbus_activatable: None,
                        generic_name: None,
                        hidden: None,
                        implements: None,
                        keywords: None,
                        mime_type: None,
                        no_display: None,
                        not_show_in: None,
                        only_show_in: None,
                        prefers_non_default_gpu: None,
                        startup_notify: None,
                        startup_wm_class: None,
                        try_exec: None,
                        glob_patterns: None,
                    },
                ),
                osx: Some(
                    MacOS {
                        base: BasePlatformSpecific {
                            name: "",
                            description: "",
                            icon: None,
                            command: [
                                "open",
                                "https://mne.tools/stable/auto_tutorials/",
                            ],
                            working_dir: None,
                            precommand: None,
                            precreate: None,
                            activate: None,
                            terminal: None,
                        },
                        cf_bundle_display_name: Some(
                            "Tutorials (MNE-Python __PKG_VERSION__)",
                        ),
                        cf_bundle_identifier: None,
                        cf_bundle_name: Some(
                            "Tutorials (MNE-Python __PKG_VERSION__)",
                        ),
                        cf_bundle_spoken_name: None,
                        cf_bundle_version: Some(
                            "__PKG_VERSION__",
                        ),
                        cf_bundle_url_types: None,
                        cf_bundle_document_types: None,
                        ls_application_category_type: None,
                        ls_background_only: None,
                        ls_environment: None,
                        ls_minimum_system_version: None,
                        ls_multiple_instances_prohibited: None,
                        ls_requires_native_execution: None,
                        ns_supports_automatic_graphics_switching: None,
                        ut_exported_type_declarations: None,
                        ut_imported_type_declarations: None,
                        entitlements: None,
                        link_in_bundle: None,
                        event_handler: None,
                    },
                ),
                win: Some(
                    Windows {
                        base: BasePlatformSpecific {
                            name: "",
                            description: "",
                            icon: None,
                            command: [
                                "%SystemRoot%\\system32\\WindowsPowerShell\\v1.0\\powershell.exe",
                                "\"start https://mne.tools/stable/auto_tutorials -WindowStyle hidden\"",
                            ],
                            working_dir: None,
                            precommand: None,
                            precreate: None,
                            activate: None,
                            terminal: None,
                        },
                        desktop: Some(
                            false,
                        ),
                        quicklaunch: None,
                        terminal_profile: None,
                        url_protocols: None,
                        file_extensions: None,
                        app_user_model_id: None,
                    },
                ),
            },
        },
        MenuItem {
            name: "User Forum (MNE)",
            description: "MNE-Python forum for discussions, problem solving, and information exchange",
            command: [
                "will be overridden in platforms section",
            ],
            icon: Some(
                "/home/prefix/menu/mne_forum.png",
            ),
            precommand: None,
            precreate: None,
            working_dir: None,
            activate: Some(
                false,
            ),
            terminal: Some(
                false,
            ),
            platforms: Platforms {
                linux: Some(
                    Linux {
                        base: BasePlatformSpecific {
                            name: "",
                            description: "",
                            icon: None,
                            command: [
                                "xdg-open",
                                "https://mne.discourse.group",
                            ],
                            working_dir: None,
                            precommand: None,
                            precreate: None,
                            activate: None,
                            terminal: None,
                        },
                        categories: Some(
                            [
                                "Science",
                            ],
                        ),
                        dbus_activatable: None,
                        generic_name: None,
                        hidden: None,
                        implements: None,
                        keywords: None,
                        mime_type: None,
                        no_display: None,
                        not_show_in: None,
                        only_show_in: None,
                        prefers_non_default_gpu: None,
                        startup_notify: None,
                        startup_wm_class: None,
                        try_exec: None,
                        glob_patterns: None,
                    },
                ),
                osx: Some(
                    MacOS {
                        base: BasePlatformSpecific {
                            name: "",
                            description: "",
                            icon: None,
                            command: [
                                "open",
                                "https://mne.discourse.group",
                            ],
                            working_dir: None,
                            precommand: None,
                            precreate: None,
                            activate: None,
                            terminal: None,
                        },
                        cf_bundle_display_name: Some(
                            "Forum (MNE-Python __PKG_VERSION__)",
                        ),
                        cf_bundle_identifier: None,
                        cf_bundle_name: Some(
                            "Forum (MNE-Python __PKG_VERSION__)",
                        ),
                        cf_bundle_spoken_name: None,
                        cf_bundle_version: Some(
                            "__PKG_VERSION__",
                        ),
                        cf_bundle_url_types: None,
                        cf_bundle_document_types: None,
                        ls_application_category_type: None,
                        ls_background_only: None,
                        ls_environment: None,
                        ls_minimum_system_version: None,
                        ls_multiple_instances_prohibited: None,
                        ls_requires_native_execution: None,
                        ns_supports_automatic_graphics_switching: None,
                        ut_exported_type_declarations: None,
                        ut_imported_type_declarations: None,
                        entitlements: None,
                        link_in_bundle: None,
                        event_handler: None,
                    },
                ),
                win: Some(
                    Windows {
                        base: BasePlatformSpecific {
                            name: "",
                            description: "",
                            icon: None,
                            command: [
                                "%SystemRoot%\\system32\\WindowsPowerShell\\v1.0\\powershell.exe",
                                "\"start https://mne.discourse.group -WindowStyle hidden\"",
                            ],
                            working_dir: None,
                            precommand: None,
                            precreate: None,
                            activate: None,
                            terminal: None,
                        },
                        desktop: Some(
                            false,
                        ),
                        quicklaunch: None,
                        terminal_profile: None,
                        url_protocols: None,
                        file_extensions: None,
                        app_user_model_id: None,
                    },
                ),
            },
        },
    ],
}
