---
source: crates/rattler_conda_types/src/explicit_environment_spec.rs
expression: env
---
platform: linux-64
packages:
  - "https://conda.anaconda.org/conda-forge/linux-64/_libgcc_mutex-0.1-conda_forge.tar.bz2#d7c89558ba9fa0495403155b64376d81"
  - "https://conda.anaconda.org/conda-forge/linux-64/libstdcxx-ng-9.3.0-h2ae2ef3_17.tar.bz2#342f3c931d0a3a209ab09a522469d20c"
  - "https://conda.anaconda.org/conda-forge/linux-64/libgomp-9.3.0-h5dbcf3e_17.tar.bz2#8fd587013b9da8b52050268d50c12305"
  - "https://conda.anaconda.org/conda-forge/linux-64/_openmp_mutex-4.5-1_gnu.tar.bz2#561e277319a41d4f24f5c05a9ef63c04"
  - "https://conda.anaconda.org/conda-forge/linux-64/libgcc-ng-9.3.0-h5dbcf3e_17.tar.bz2#fc9f5adabc4d55cd4b491332adc413e0"
  - "https://conda.anaconda.org/conda-forge/linux-64/xtl-0.6.21-h0efe328_0.tar.bz2#9eee90b98fd394db7a049792e67e1659"
  - "https://conda.anaconda.org/conda-forge/linux-64/xtensor-0.21.8-hc9558a2_0.tar.bz2#1030174db5c183f3afb4181a0a02873d"

