---
source: crates/rattler_conda_types/src/prefix_record.rs
assertion_line: 266
expression: prefix_record
---
build: pyh0701188_6
build_number: 6
depends:
  - __win
  - python >=3.8
  - win_inet_pton
license: BSD-3-Clause
license_family: BSD
md5: 56cd9fe388baac0e90c7149cfac95b60
name: pysocks
noarch: python
sha256: b3a612bc887f3dd0fb7c4199ad8e342bd148cf69a9b74fd9468a18cf2bef07b7
size: 19348
subdir: noarch
timestamp: 1661605138291
track_features: ""
version: 1.7.1
fn: pysocks-1.7.1-pyh0701188_6.tar.bz2
url: "https://conda.anaconda.org/conda-forge/noarch/pysocks-1.7.1-pyh0701188_6.tar.bz2"
channel: "https://conda.anaconda.org/conda-forge/noarch"
package_tarball_full_path: "C:\\Users\\bas\\micromamba\\pkgs\\pysocks-1.7.1-pyh0701188_6.tar.bz2"
extracted_package_dir: "C:\\Users\\bas\\micromamba\\pkgs\\pysocks-1.7.1-pyh0701188_6"
files:
  - Lib/site-packages/PySocks-1.7.1.dist-info/INSTALLER
  - Lib/site-packages/PySocks-1.7.1.dist-info/LICENSE
  - Lib/site-packages/PySocks-1.7.1.dist-info/METADATA
  - Lib/site-packages/PySocks-1.7.1.dist-info/RECORD
  - Lib/site-packages/PySocks-1.7.1.dist-info/REQUESTED
  - Lib/site-packages/PySocks-1.7.1.dist-info/WHEEL
  - Lib/site-packages/PySocks-1.7.1.dist-info/direct_url.json
  - Lib/site-packages/PySocks-1.7.1.dist-info/top_level.txt
  - Lib/site-packages/socks.py
  - Lib/site-packages/sockshandler.py
  - Lib/site-packages/__pycache__/socks.cpython-311.pyc
  - Lib/site-packages/__pycache__/sockshandler.cpython-311.pyc
paths_data:
  paths_version: 1
  paths:
    - _path: Lib/site-packages/PySocks-1.7.1.dist-info/INSTALLER
      path_type: hardlink
      sha256: d0edee15f91b406f3f99726e44eb990be6e34fd0345b52b910c568e0eef6a2a8
      sha256_in_prefix: d0edee15f91b406f3f99726e44eb990be6e34fd0345b52b910c568e0eef6a2a8
      size_in_bytes: 5
    - _path: Lib/site-packages/PySocks-1.7.1.dist-info/LICENSE
      path_type: hardlink
      sha256: 7027e214e014eb78b7adcc1ceda5aca713a79fc4f6a0c52c9da5b3e707e6ffe9
      sha256_in_prefix: 7027e214e014eb78b7adcc1ceda5aca713a79fc4f6a0c52c9da5b3e707e6ffe9
      size_in_bytes: 1401
    - _path: Lib/site-packages/PySocks-1.7.1.dist-info/METADATA
      path_type: hardlink
      sha256: 4538555a792bc26e1faf5213c069afaaa0d7018c47646fd6228c917504c19388
      sha256_in_prefix: 4538555a792bc26e1faf5213c069afaaa0d7018c47646fd6228c917504c19388
      size_in_bytes: 13237
    - _path: Lib/site-packages/PySocks-1.7.1.dist-info/RECORD
      path_type: hardlink
      sha256: dac926c36a9e2fd865b3726da69cd027daa1d78a27fc1759a26b88cc99659d22
      sha256_in_prefix: dac926c36a9e2fd865b3726da69cd027daa1d78a27fc1759a26b88cc99659d22
      size_in_bytes: 884
    - _path: Lib/site-packages/PySocks-1.7.1.dist-info/REQUESTED
      path_type: hardlink
      sha256: e3b0c44298fc1c149afbf4c8996fb92427ae41e4649b934ca495991b7852b855
      sha256_in_prefix: e3b0c44298fc1c149afbf4c8996fb92427ae41e4649b934ca495991b7852b855
    - _path: Lib/site-packages/PySocks-1.7.1.dist-info/WHEEL
      path_type: hardlink
      sha256: 1b5e87e00dc87a84269cead8578b9e6462928e18a95f1f3373c9eef451a5bcc0
      sha256_in_prefix: 1b5e87e00dc87a84269cead8578b9e6462928e18a95f1f3373c9eef451a5bcc0
      size_in_bytes: 92
    - _path: Lib/site-packages/PySocks-1.7.1.dist-info/direct_url.json
      path_type: hardlink
      sha256: 4ded8da8f4f8ff16c762583d1e75888a47e17d2b2b970e221498a465d396432a
      sha256_in_prefix: 4ded8da8f4f8ff16c762583d1e75888a47e17d2b2b970e221498a465d396432a
      size_in_bytes: 68
    - _path: Lib/site-packages/PySocks-1.7.1.dist-info/top_level.txt
      path_type: hardlink
      sha256: 4ca48e21f0850682bd118f050586d8a82dcf59ddfef86d79a61f67f3e4073c39
      sha256_in_prefix: 4ca48e21f0850682bd118f050586d8a82dcf59ddfef86d79a61f67f3e4073c39
      size_in_bytes: 19
    - _path: Lib/site-packages/socks.py
      path_type: hardlink
      sha256: c4e627dbbb7d206adb4c1cd6b1452e3dad1806ea6582253293390e0795798856
      sha256_in_prefix: c4e627dbbb7d206adb4c1cd6b1452e3dad1806ea6582253293390e0795798856
      size_in_bytes: 31086
    - _path: Lib/site-packages/sockshandler.py
      path_type: hardlink
      sha256: d926068fea70b7592380ba19026c9e6845c27990d64667d54bf406ea412b1ad6
      sha256_in_prefix: d926068fea70b7592380ba19026c9e6845c27990d64667d54bf406ea412b1ad6
      size_in_bytes: 3966
    - _path: Lib/site-packages/__pycache__/socks.cpython-311.pyc
      path_type: pyc_file
    - _path: Lib/site-packages/__pycache__/sockshandler.cpython-311.pyc
      path_type: pyc_file
link:
  source: "C:\\Users\\bas\\micromamba\\pkgs\\pysocks-1.7.1-pyh0701188_6"
  type: 1
requested_spec: ""

