---
source: crates/rattler_shell/src/activation.rs
expression: script_contents
---
echo 'Warning: PIXI_SHLVL not set. This may indicate a broken workflow.'
echo 'Proceeding to unset pixi variables without restoring previous values.'
set -e TEST_VAR1
set -e TEST_VAR2
set -e CONDA_PREFIX
set -e PIXI_SHLVL
