---
source: crates/rattler_shell/src/activation.rs
expression: script_contents
---
@chcp 65001 > nul
@ECHO Warning: CONDA_SHLVL not set. This may indicate a broken workflow.
@ECHO Proceeding to unset conda variables without restoring previous values.
@SET TEST_VAR1=
@SET TEST_VAR2=
@SET CONDA_PREFIX=
@SET CONDA_SHLVL=
