---
source: crates/rattler_shell/src/activation.rs
expression: script_contents
---
if set -q CONDA_ENV_SHLVL_1_TEST_VAR1
                set -gx TEST_VAR1 $CONDA_ENV_SHLVL_1_TEST_VAR1
                set -e CONDA_ENV_SHLVL_1_TEST_VAR1
            else
                set -e TEST_VAR1
            end
if set -q CONDA_ENV_SHLVL_1_TEST_VAR2
                set -gx TEST_VAR2 $CONDA_ENV_SHLVL_1_TEST_VAR2
                set -e CONDA_ENV_SHLVL_1_TEST_VAR2
            else
                set -e TEST_VAR2
            end
if set -q CONDA_ENV_SHLVL_1_CONDA_PREFIX
                set -gx CONDA_PREFIX $CONDA_ENV_SHLVL_1_CONDA_PREFIX
                set -e CONDA_ENV_SHLVL_1_CONDA_PREFIX
            else
                set -e CONDA_PREFIX
            end
set -e CONDA_SHLVL
