---
source: crates/rattler_shell/src/activation.rs
expression: script_contents
---
$OutputEncoding = [System.Console]::OutputEncoding = [System.Console]::InputEncoding = [System.Text.Encoding]::UTF8
if (Test-Path env:PIXI_ENV_SHLVL_0_TEST_VAR1) {
                $env:TEST_VAR1 = $env:PIXI_ENV_SHLVL_0_TEST_VAR1
                Remove-Item env:PIXI_ENV_SHLVL_0_TEST_VAR1
            } else {
                Remove-Item env:TEST_VAR1 -ErrorAction SilentlyContinue
            }
if (Test-Path env:PIXI_ENV_SHLVL_0_TEST_VAR2) {
                $env:TEST_VAR2 = $env:PIXI_ENV_SHLVL_0_TEST_VAR2
                Remove-Item env:PIXI_ENV_SHLVL_0_TEST_VAR2
            } else {
                Remove-Item env:TEST_VAR2 -ErrorAction SilentlyContinue
            }
if (Test-Path env:PIXI_ENV_SHLVL_0_CONDA_PREFIX) {
                $env:CONDA_PREFIX = $env:PIXI_ENV_SHLVL_0_CONDA_PREFIX
                Remove-Item env:PIXI_ENV_SHLVL_0_CONDA_PREFIX
            } else {
                Remove-Item env:CONDA_PREFIX -ErrorAction SilentlyContinue
            }
