---
source: crates/libsolv_rs/src/solver/mod.rs
expression: error
---
The following packages are incompatible
|-- bluesky-widgets <100 can be installed with any of the following options:
    |-- bluesky-widgets 42 would require
        |-- suitcase-utils <54, which can be installed with any of the following options:
            |-- suitcase-utils 53
|-- suitcase-utils >=54,<100 cannot be installed because there are no viable options:
    |-- suitcase-utils 54, which conflicts with the versions reported above.

