---
source: crates/rattler_libsolv_rs/src/solver/mod.rs
expression: error
---
The following packages are incompatible
|-- asdf with any version can be installed with any of the following options:
    |-- asdf 1 would require
        |-- c with versions 2 up to 3, which can be installed with any of the following options:
            |-- c 2
|-- c 1 is locked, but another version is required as reported above

