---
source: crates/rattler_libsolv_rs/src/solver/mod.rs
expression: error
---
The following packages are incompatible
|-- a >=5,<10 can be installed with any of the following options:
    |-- a 5
|-- a <4 cannot be installed because there are no viable options:
    |-- a 2, which conflicts with the versions reported above.

