---
source: crates/rattler_libsolv_rs/src/solver/mod.rs
assertion_line: 1775
expression: error
---
The following packages are incompatible
|-- c 101..104 can be installed with any of the following options:
    |-- c 103
    |-- c 101
|-- a * cannot be installed because there are no viable options:
    |-- a 9 | 10 would require
        |-- b *, which cannot be installed because there are no viable options:
            |-- b 42 | 100 would constrain
                |-- c 0..100 , which conflicts with any installable versions previously reported

