---
source: crates/rattler_libsolv_rs/src/solver/mod.rs
assertion_line: 1694
expression: error
---
The following packages are incompatible
|-- c * can be installed with any of the following options:
    |-- c 1 | 2 would require
        |-- d 2..3, which can be installed with any of the following options:
            |-- d 2
|-- b * cannot be installed because there are no viable options:
    |-- b 6 | 7 would constrain
        |-- d 1..2 , which conflicts with any installable versions previously reported

