---
source: crates/rattler_libsolv_rs/src/solver/mod.rs
expression: result
---
a * cannot be installed because there are no viable options:
|-- a 2 would require
    |-- intermediate *, for which no candidates were found.
The following packages are incompatible
|-- a * can be installed with any of the following options:
    |-- a 1

