---
source: crates/rattler_libsolv_rs/src/solver/mod.rs
expression: error
---
The following packages are incompatible
|-- a with versions 5 up to 10 can be installed with any of the following options:
    |-- a 5
|-- a with versions 0 up to 4 cannot be installed because there are no viable options:
    |-- a 2, which conflicts with the versions reported above.

