---
source: crates/rattler-bin/tests/cli.rs
expression: "run_rattler(&[\"list\", \"-p\", FIXTURE_PREFIX, \"--format\", \"urls\"])"
---
https://conda.anaconda.org/conda-forge/osx-arm64/bzip2-1.0.8-h93a5062_5.conda
https://conda.anaconda.org/conda-forge/osx-arm64/ca-certificates-2024.2.2-hf0a4a13_0.conda
https://conda.anaconda.org/conda-forge/osx-arm64/libffi-3.4.2-h3422bc3_5.tar.bz2
https://conda.anaconda.org/conda-forge/osx-arm64/libzlib-1.2.13-h53f4e23_5.conda
https://conda.anaconda.org/conda-forge/osx-arm64/python_abi-3.11-4_cp311.conda
https://conda.anaconda.org/conda-forge/win-64/vc-14.3-hb6edc58_10.conda
