---
source: crates/rattler-bin/tests/cli.rs
expression: "run_rattler(&[\"list\", \"-p\", FIXTURE_PREFIX, \"--format\", \"urls\"])"
---
https://conda.anaconda.org/conda-forge/osx-arm64/bzip2-1.0.8-h93a5062_5.conda
https://conda.anaconda.org/conda-forge/osx-arm64/ca-certificates-2024.2.2-hf0a4a13_0.conda
https://conda.anaconda.org/conda-forge/osx-arm64/icu-73.2-hc8870d7_0.conda
https://conda.anaconda.org/conda-forge/osx-arm64/libblas-3.9.0-20_osxarm64_openblas.conda
https://conda.anaconda.org/conda-forge/osx-arm64/libcblas-3.9.0-20_osxarm64_openblas.conda
https://conda.anaconda.org/conda-forge/osx-arm64/libclang-16.0.6-default_he012953_6.conda
https://conda.anaconda.org/conda-forge/osx-arm64/libclang13-16.0.6-default_h83d0a53_6.conda
https://conda.anaconda.org/conda-forge/osx-arm64/libcxx-17.0.6-h5f092b4_0.conda
https://conda.anaconda.org/conda-forge/osx-arm64/libexpat-2.6.2-hebf3989_0.conda
https://conda.anaconda.org/conda-forge/osx-arm64/libffi-3.4.2-h3422bc3_5.tar.bz2
https://conda.anaconda.org/conda-forge/osx-arm64/libgfortran-5.0.0-13_2_0_hd922786_3.conda
https://conda.anaconda.org/conda-forge/osx-arm64/libgfortran5-13.2.0-hf226fd6_3.conda
https://conda.anaconda.org/conda-forge/osx-arm64/libiconv-1.17-h0d3ecfb_2.conda
https://conda.anaconda.org/conda-forge/osx-arm64/liblapack-3.9.0-20_osxarm64_openblas.conda
https://conda.anaconda.org/conda-forge/osx-arm64/libllvm16-16.0.6-haab561b_3.conda
https://conda.anaconda.org/conda-forge/osx-arm64/libopenblas-0.3.25-openmp_h6c19121_0.conda
https://conda.anaconda.org/conda-forge/osx-arm64/libsqlite-3.45.3-h091b4b1_0.conda
https://conda.anaconda.org/conda-forge/osx-arm64/libxml2-2.12.7-ha661575_0.conda
https://conda.anaconda.org/conda-forge/osx-arm64/libzlib-1.2.13-h53f4e23_5.conda
https://conda.anaconda.org/conda-forge/osx-arm64/llvm-openmp-18.1.6-hde57baf_0.conda
https://conda.anaconda.org/conda-forge/win-64/menuinst-1.4.19-py311h1ea47a8_1.tar.bz2
https://conda.anaconda.org/conda-forge/osx-arm64/ncurses-6.5-hb89a1cb_0.conda
https://conda.anaconda.org/conda-forge/osx-arm64/numpy-1.26.4-py311h7125741_0.conda
https://conda.anaconda.org/conda-forge/osx-arm64/openssl-3.3.0-hfb2fe0b_3.conda
https://conda.anaconda.org/conda-forge/noarch/pip-23.0-pyhd8ed1ab_0.conda
https://conda.anaconda.org/conda-forge/noarch/pysocks-1.7.1-pyh0701188_6.tar.bz2
https://conda.anaconda.org/conda-forge/osx-arm64/python-3.11.9-h932a869_0_cpython.conda
https://conda.anaconda.org/conda-forge/osx-arm64/python_abi-3.11-4_cp311.conda
https://conda.anaconda.org/conda-forge/osx-arm64/readline-8.2-h92ec313_1.conda
https://conda.anaconda.org/conda-forge/noarch/requests-2.28.2-pyhd8ed1ab_0.conda
https://prefix.dev/conda-forge/linux-64/rust-1.88.0-h1a8d7c4_0.conda
https://conda.anaconda.org/conda-forge/osx-arm64/scipy-1.11.4-py311h2b215a9_0.conda
https://conda.anaconda.org/conda-forge/osx-arm64/tk-8.6.13-h5083fa2_1.conda
https://conda.anaconda.org/conda-forge/noarch/tzdata-2024a-h0c530f3_0.conda
https://conda.anaconda.org/conda-forge/noarch/urllib3-1.26.14-pyhd8ed1ab_0.conda
https://conda.anaconda.org/conda-forge/win-64/vc-14.3-hb6edc58_10.conda
https://conda.anaconda.org/conda-forge/noarch/wheel-0.38.4-pyhd8ed1ab_0.tar.bz2
https://conda.anaconda.org/conda-forge/win-64/xz-5.2.6-h8d14728_0.tar.bz2
https://conda.anaconda.org/conda-forge/osx-arm64/zstd-1.5.6-hb46c0d2_0.conda
