---
source: crates/rattler_conda_types/src/package/index.rs
expression: "IndexJson::from_package_directory(&package_dir).unwrap()"
---
arch: x86_64
build: "3"
build_number: 3
license: "zlib (http://zlib.net/zlib_license.html)"
license_family: Other
name: zlib
platform: linux
subdir: linux-64
version: 1.2.8

