---
source: crates/rattler_conda_types/src/package/index.rs
expression: "IndexJson::from_package_directory(package_dir.path()).unwrap()"
---
arch: x86_64
build: vc10_0
build_number: 0
features: vc10
license: "zlib (http://zlib.net/zlib_license.html)"
license_family: Other
name: zlib
platform: win
subdir: win-64
version: 1.2.8

