---
source: crates/rattler_conda_types/src/package/index.rs
expression: "IndexJson::from_package_directory(package_dir.path()).unwrap()"
---
name: zlib
version: 1.2.8
build: vc10_0
build_number: 0
arch: x86_64
platform: win
license: "zlib (http://zlib.net/zlib_license.html)"
license_family: Other
features: vc10
subdir: win-64

