---
source: crates/rattler/src/repo_data/mod.rs
expression: result.cache_state
---
url: "http://localhost:63643/noarch/"
mod: "Wed, 21 Sep 2022 19:03:45 GMT"
mtime_ns: 1676557004445475300
cache_size: 209
has_zst:
  value: false
  last_checked: "2023-02-16T14:16:44.441641600Z"
has_bz2:
  value: false
  last_checked: "2023-02-16T14:16:44.440955Z"
has_jlap: ~

