---
source: crates/rattler_azure/src/locate.rs
expression: located
---
"az://acct.blob.core.windows.net/general/noarch configured []": "keyed Derived: acct.blob.core.windows.net, container: general"
"az://acct.blob.core.windows.net/general/noarch configured [acct.blob.core.windows.net]": "keyed Configured: acct.blob.core.windows.net, container: general"
"az://acct.blob.core.windows.net/gen%65ral/noarch configured []": "keyed Derived: acct.blob.core.windows.net, container: general"
"az://acct.blob.core.windows.net configured []": "keyed Derived: acct.blob.core.windows.net, container: none"
"az://acct.blob.core.windows.net/ configured []": "keyed Derived: acct.blob.core.windows.net, container: none"
"az://acct.blob.core.windows.net/General/noarch configured []": "error: `General` is not a valid Azure blob container name: container names are 3-63 characters of lowercase letters, digits and hyphens, must start and end with a letter or digit, and must not contain consecutive hyphens"
"az://acct.blob.core.windows.net/a--b/noarch configured []": "error: `a--b` is not a valid Azure blob container name: container names are 3-63 characters of lowercase letters, digits and hyphens, must start and end with a letter or digit, and must not contain consecutive hyphens"
"az://acct.blob.core.windows.net:443/general/noarch configured []": "keyed Derived: acct.blob.core.windows.net:443, container: general"
"az://acct.blob.core.windows.net:443/general/noarch configured [acct.blob.core.windows.net]": "keyed Derived: acct.blob.core.windows.net:443, container: general"
"az://acct-1.blob.core.windows.net/general configured []": "unkeyed: `acct-1` is not a valid Azure storage account name: account names are 3-24 characters of lowercase letters and digits only"
"az://acct-1.blob.core.windows.net/General configured []": "unkeyed: `acct-1` is not a valid Azure storage account name: account names are 3-24 characters of lowercase letters and digits only"
"az://proxy.internal/accta/general/noarch configured [proxy.internal/accta]": "keyed Configured: proxy.internal/accta, container: general"
"az://proxy.internal/accta/general/noarch configured [proxy.internal, proxy.internal/accta]": "keyed Configured: proxy.internal/accta, container: general"
"az://proxy.internal/accta/general configured [proxy.internal]": "keyed Configured: proxy.internal, container: accta"
"az://proxy.internal/general/noarch configured [proxy.internal]": "keyed Configured: proxy.internal, container: general"
"az://proxy.internal/acc%74/gen%65ral configured [proxy.internal/acct]": "keyed Configured: proxy.internal/acct, container: general"
"az://proxy.internal/ACCTA/general configured [proxy.internal/accta]": "unkeyed: `ACCTA` is not a valid Azure storage account name: account names are 3-24 characters of lowercase letters and digits only"
"az://127.0.0.1:10000/devstoreaccount1/general configured [127.0.0.1:10000/devstoreaccount1]": "keyed Configured: 127.0.0.1:10000/devstoreaccount1, container: general"
"az://127.0.0.1:10000/devstoreaccount1 configured [127.0.0.1:10000/devstoreaccount1]": "keyed Configured: 127.0.0.1:10000/devstoreaccount1, container: none"
"az://127.0.0.1:10000/devstoreaccount1/General configured [127.0.0.1:10000/devstoreaccount1]": "error: `General` is not a valid Azure blob container name: container names are 3-63 characters of lowercase letters, digits and hyphens, must start and end with a letter or digit, and must not contain consecutive hyphens"
"az://127.0.0.1:10000/devstoreaccount1/general configured []": "unkeyed: `127.0.0.1:10000` is not a known Azure blob endpoint and has no `azure-options` entry; the host does not start with an account name, so add a path-style entry for `127.0.0.1:10000/<account>`"
"az://mirror.example.com/Channel/noarch configured []": "unkeyed: `mirror.example.com` is not a known Azure blob endpoint and has no `azure-options` entry; add an entry for `mirror.example.com` (host-style) or `mirror.example.com/<account>` (path-style)"
"az://my-mirror.example.com/general/noarch configured []": "unkeyed: `my-mirror.example.com` is not a known Azure blob endpoint and has no `azure-options` entry; the host does not start with an account name, so add a path-style entry for `my-mirror.example.com/<account>`"
"az://azurite/Conda_Channel/noarch/repodata.json configured []": "unkeyed: `azurite` is not a known Azure blob endpoint and has no `azure-options` entry; the host does not start with an account name, so add a path-style entry for `azurite/<account>`"
"az://mirror.internal:443/general/noarch configured [mirror.internal]": "unkeyed: `mirror.internal:443` is not a known Azure blob endpoint and has no `azure-options` entry; add an entry for `mirror.internal:443` (host-style) or `mirror.internal:443/<account>` (path-style)"
"az://mirror.internal/general/noarch configured [mirror.internal:443]": "unkeyed: `mirror.internal` is not a known Azure blob endpoint and has no `azure-options` entry; add an entry for `mirror.internal` (host-style) or `mirror.internal/<account>` (path-style)"
