---
source: crates/rattler_azure/src/endpoint_key.rs
expression: rejections
---
acct.blob.core.windows.net/: "`acct.blob.core.windows.net/` is not a valid Azure endpoint key: write `<host>` or `<host>/<account>`"
"127.0.0.1:10000/devstoreaccount1/": "`127.0.0.1:10000/devstoreaccount1/` is not a valid Azure endpoint key: write `<host>` or `<host>/<account>`"
proxy.internal/accta/: "`proxy.internal/accta/` is not a valid Azure endpoint key: write `<host>` or `<host>/<account>`"
acct.blob.core.windows.net/general/noarch: "`acct.blob.core.windows.net/general/noarch` is not a valid Azure endpoint key: write `<host>` or `<host>/<account>`"
proxy.internal/accta/general: "`proxy.internal/accta/general` is not a valid Azure endpoint key: write `<host>` or `<host>/<account>`"
proxy.internal/accta?sv=token: "`accta?sv=token` is not a valid Azure storage account name: account names are 3-24 characters of lowercase letters and digits only"
"proxy.internal/accta#frag": "`accta#frag` is not a valid Azure storage account name: account names are 3-24 characters of lowercase letters and digits only"
acct.blob.core.windows.net@evil.example: "Azure blob URL must not contain userinfo (`user:pass@host`), userinfo is invalid in blob URLs"
acct.blob.core.windows.net/../accta: "`acct.blob.core.windows.net/../accta` is not a valid Azure endpoint key: write `<host>` or `<host>/<account>`"
"acct.blob.core.windows.net/general\\..\\evil": "`general\\..\\evil` is not a valid Azure storage account name: account names are 3-24 characters of lowercase letters and digits only"
acct.blob.example//accta: "`acct.blob.example//accta` is not a valid Azure endpoint key: write `<host>` or `<host>/<account>`"
acct.blob.example/acc%zz: "`acc%zz` is not a valid Azure storage account name: account names are 3-24 characters of lowercase letters and digits only"
"acct.blob.core.windows.net:": "`acct.blob.core.windows.net:` is not a valid Azure host: its port is empty; expected `host` or `host:port`"
acct..blob.core.windows.net: "`acct..blob.core.windows.net` is not a valid Azure host: one of its labels is empty; expected `host` or `host:port`"
"127.0.0.1:10000": "`127.0.0.1:10000` has no storage account label: a host-style key needs a dotted host whose first label is the account; write `<host>/<account>` to name the account in the path"
"[::1]:10000": "`[::1]:10000` has no storage account label: a host-style key needs a dotted host whose first label is the account; write `<host>/<account>` to name the account in the path"
localhost: "`localhost` has no storage account label: a host-style key needs a dotted host whose first label is the account; write `<host>/<account>` to name the account in the path"
localhost.: "`localhost` has no storage account label: a host-style key needs a dotted host whose first label is the account; write `<host>/<account>` to name the account in the path"
"azurite:10000": "`azurite:10000` has no storage account label: a host-style key needs a dotted host whose first label is the account; write `<host>/<account>` to name the account in the path"
"--as-user.blob.core.windows.net": "`--as-user` is not a valid Azure storage account name: account names are 3-24 characters of lowercase letters and digits only"
acct-1.blob.example: "`acct-1` is not a valid Azure storage account name: account names are 3-24 characters of lowercase letters and digits only"
"127.0.0.1:10000/devstore;evil": "`devstore;evil` is not a valid Azure storage account name: account names are 3-24 characters of lowercase letters and digits only"
"127.0.0.1:10000/DevStoreAccount1": "`DevStoreAccount1` is not a valid Azure storage account name: account names are 3-24 characters of lowercase letters and digits only"
"127.0.0.1:10000/dev-store": "`dev-store` is not a valid Azure storage account name: account names are 3-24 characters of lowercase letters and digits only"
"127.0.0.1:10000/ab": "`ab` is not a valid Azure storage account name: account names are 3-24 characters of lowercase letters and digits only"
"127.0.0.1:10000/--as-user": "`--as-user` is not a valid Azure storage account name: account names are 3-24 characters of lowercase letters and digits only"
"proxy.internal/accta\\": "`accta\\` is not a valid Azure storage account name: account names are 3-24 characters of lowercase letters and digits only"
"proxy.internal/accta/ ": "\"proxy.internal/accta/ \" contains a control character or a leading or trailing space, which URL parsing would silently drop; remove it"
"proxy.internal/accta/\n": "\"proxy.internal/accta/\\n\" contains a control character or a leading or trailing space, which URL parsing would silently drop; remove it"
"acct.blob.core.windows.net/ ": "\"acct.blob.core.windows.net/ \" contains a control character or a leading or trailing space, which URL parsing would silently drop; remove it"
"acct.blob.core.windows.net\\": "`acct.blob.core.windows.net\\` is not a valid Azure host: it carries a path, query or fragment; expected `host` or `host:port`"
"proxy.internal/acc\nta": "\"proxy.internal/acc\\nta\" contains a control character or a leading or trailing space, which URL parsing would silently drop; remove it"
"proxy.internal\\accta": "`proxy.internal\\accta` is not a valid Azure host: it carries a path, query or fragment; expected `host` or `host:port`"
"acc\tt.blob.core.windows.net": "\"acc\\tt.blob.core.windows.net\" contains a control character or a leading or trailing space, which URL parsing would silently drop; remove it"
/accta: "`` is not a valid Azure host: empty host; expected `host` or `host:port`"
