---
source: crates/rattler_menuinst/src/linux/mime_config.rs
expression: mimeapps.config.get_map()
---
Some(
    {
        "Default Applications": {
            "x-scheme-handler/unknown": Some(
                "google-chrome.desktop",
            ),
            "x-scheme-handler/http": Some(
                "google-chrome.desktop",
            ),
            "x-scheme-handler/https": Some(
                "google-chrome.desktop",
            ),
            "x-scheme-handler/about": Some(
                "google-chrome.desktop",
            ),
        },
    },
)
