---
source: crates/rattler_menuinst/src/linux/menu_xml.rs
expression: result
---
<!DOCTYPE Menu PUBLIC "-//freedesktop//DTD Menu 1.0//EN"
 "http://standards.freedesktop.org/menu-spec/menu-1.0.dtd">
<Menu>
<Name>Applications</Name>
<Menu></Name>
    <Directory>shinythings-webmirror.directory</Directory>
    <Include>
    <Filename>shinythings-webmirror.desktop</Filename>
    <Filename>shinythings-webmirror-admin.desktop</Filename>
    </Include>
