---
source: crates/rattler_menuinst/src/linux/menu_xml.rs
expression: result
---
<!DOCTYPE Menu PUBLIC "-//freedesktop//DTD Menu 1.0//EN"
 "http://standards.freedesktop.org/menu-spec/menu-1.0.dtd">
<!DOCTYPE Menu PUBLIC "-//freedesktop//DTD Menu 1.0//EN"
"http://www.freedesktop.org/standards/menu-spec/menu-1.0.dtd">
<Menu>
<Name>Applications</Name>
<Menu>
    <Name>WebMirror</Name>
    <Directory>shinythings-webmirror.directory</Directory>
    <Include>
    <Filename>shinythings-webmirror.desktop</Filename>
    <Filename>shinythings-webmirror-admin.desktop</Filename>
    </Include>
  <Menu>
    <Name>Test Menu</Name>
    <Directory>test-menu.directory</Directory>
    <Include>
      <Category>Test Menu</Category>
    </Include>
  </Menu>
</Menu>
