---
source: crates/rattler_lock/src/lib.rs
expression: conda_lock
---
version: 7
platforms:
  - name: linux-64
  - name: win-64
environments:
  default:
    channels:
      - url: "https://conda.anaconda.org/conda-forge/"
    packages:
      linux-64:
        - source: "minimal-project[ac2e8eb3] @ ../minimal-project"
      win-64:
        - source: "a-python-project[c5eb04e0] @ ../a-python-project"
        - source: "b-python-project[9596db56] @ ../a-python-project"
        - source: "minimal-project[1877194c] @ ../minimal-project"
  second:
    channels:
      - url: "https://conda.anaconda.org/conda-forge/"
    packages:
      win-64:
        - source: "minimal-project[24438904] @ ../minimal-project"
packages:
  - source: "a-python-project[c5eb04e0] @ ../a-python-project"
    version: "0.1"
    build: py38
    build_number: 38
    subdir: noarch
    noarch: python
  - source: "b-python-project[9596db56] @ ../a-python-project"
    version: "0.1"
    build: h398123
    build_number: 398123
    subdir: noarch
    noarch: python
  - source: "minimal-project[ac2e8eb3] @ ../minimal-project"
    version: "0.1"
    build: first
    subdir: linux-64
    depends:
      - __unix
  - source: "minimal-project[1877194c] @ ../minimal-project"
    version: "0.1"
    build: first
    subdir: win-64
    depends:
      - __win
  - source: "minimal-project[24438904] @ ../minimal-project"
    version: "0.1"
    build: second
    subdir: win-64
    depends:
      - __win
