---
source: crates/rattler_lock/src/lib.rs
expression: conda_lock
---
version: 7
platforms:
  - name: linux-64
environments:
  default:
    channels:
      - url: "https://conda.anaconda.org/conda-forge/"
    packages:
      linux-64:
        - source: "my-package[94aa70fc] @ my-package-linux"
        - source: "my-package[fb69f8df] @ my-package-win"
packages:
  - source: "my-package[94aa70fc] @ my-package-linux"
    version: 1.0.0
    subdir: noarch
    noarch: generic
    variants:
      python: "3.11"
      target_platform: linux-64
    depends:
      - python >=3.8
    license: MIT
  - source: "my-package[fb69f8df] @ my-package-win"
    version: 1.0.0
    subdir: noarch
    noarch: generic
    variants:
      python: "3.11"
      target_platform: win-64
    depends:
      - python >=3.8
    license: MIT
