---
source: crates/rattler_lock/src/lib.rs
expression: conda_lock
---
version: 5
environments:
  default:
    channels:
      - url: conda-forge
    packages:
      linux-64:
        - conda: "https://conda.anaconda.org/conda-forge/linux-64/_libgcc_mutex-0.1-conda_forge.tar.bz2"
        - conda: "https://conda.anaconda.org/conda-forge/linux-64/_openmp_mutex-4.5-2_gnu.tar.bz2"
        - conda: "https://conda.anaconda.org/conda-forge/linux-64/bzip2-1.0.8-h7f98852_4.tar.bz2"
        - conda: "https://conda.anaconda.org/conda-forge/linux-64/ca-certificates-2022.12.7-ha878542_0.conda"
        - conda: "https://conda.anaconda.org/conda-forge/linux-64/ld_impl_linux-64-2.40-h41732ed_0.conda"
        - conda: "https://conda.anaconda.org/conda-forge/linux-64/libffi-3.4.2-h7f98852_5.tar.bz2"
        - conda: "https://conda.anaconda.org/conda-forge/linux-64/libgcc-ng-12.2.0-h65d4601_19.tar.bz2"
        - conda: "https://conda.anaconda.org/conda-forge/linux-64/libgomp-12.2.0-h65d4601_19.tar.bz2"
        - conda: "https://conda.anaconda.org/conda-forge/linux-64/libnsl-2.0.0-h7f98852_0.tar.bz2"
        - conda: "https://conda.anaconda.org/conda-forge/linux-64/libsqlite-3.40.0-h753d276_0.tar.bz2"
        - conda: "https://conda.anaconda.org/conda-forge/linux-64/libuuid-2.32.1-h7f98852_1000.tar.bz2"
        - conda: "https://conda.anaconda.org/conda-forge/linux-64/libzlib-1.2.13-h166bdaf_4.tar.bz2"
        - conda: "https://conda.anaconda.org/conda-forge/linux-64/ncurses-6.3-h27087fc_1.tar.bz2"
        - conda: "https://conda.anaconda.org/conda-forge/linux-64/openssl-3.0.8-h0b41bf4_0.conda"
        - conda: "https://conda.anaconda.org/conda-forge/noarch/pip-23.0.1-pyhd8ed1ab_0.conda"
        - conda: "https://conda.anaconda.org/conda-forge/linux-64/python-3.11.0-he550d4f_1_cpython.conda"
        - conda: "https://conda.anaconda.org/conda-forge/linux-64/readline-8.1.2-h0f457ee_0.tar.bz2"
        - conda: "https://conda.anaconda.org/conda-forge/noarch/setuptools-67.4.0-pyhd8ed1ab_0.conda"
        - conda: "https://conda.anaconda.org/conda-forge/linux-64/tk-8.6.12-h27826a3_0.tar.bz2"
        - conda: "https://conda.anaconda.org/conda-forge/noarch/tzdata-2022g-h191b570_0.conda"
        - conda: "https://conda.anaconda.org/conda-forge/noarch/wheel-0.38.4-pyhd8ed1ab_0.tar.bz2"
        - conda: "https://conda.anaconda.org/conda-forge/linux-64/xz-5.2.6-h166bdaf_0.tar.bz2"
      linux-aarch64:
        - conda: "https://conda.anaconda.org/conda-forge/linux-aarch64/_openmp_mutex-4.5-2_gnu.tar.bz2"
        - conda: "https://conda.anaconda.org/conda-forge/linux-aarch64/bzip2-1.0.8-hf897c2e_4.tar.bz2"
        - conda: "https://conda.anaconda.org/conda-forge/linux-aarch64/ca-certificates-2022.12.7-h4fd8a4c_0.conda"
        - conda: "https://conda.anaconda.org/conda-forge/linux-aarch64/ld_impl_linux-aarch64-2.40-h2d8c526_0.conda"
        - conda: "https://conda.anaconda.org/conda-forge/linux-aarch64/libffi-3.4.2-h3557bc0_5.tar.bz2"
        - conda: "https://conda.anaconda.org/conda-forge/linux-aarch64/libgcc-ng-12.2.0-h607ecd0_19.tar.bz2"
        - conda: "https://conda.anaconda.org/conda-forge/linux-aarch64/libgomp-12.2.0-h607ecd0_19.tar.bz2"
        - conda: "https://conda.anaconda.org/conda-forge/linux-aarch64/libnsl-2.0.0-hf897c2e_0.tar.bz2"
        - conda: "https://conda.anaconda.org/conda-forge/linux-aarch64/libsqlite-3.40.0-hf9034f9_0.tar.bz2"
        - conda: "https://conda.anaconda.org/conda-forge/linux-aarch64/libuuid-2.32.1-hf897c2e_1000.tar.bz2"
        - conda: "https://conda.anaconda.org/conda-forge/linux-aarch64/libzlib-1.2.13-h4e544f5_4.tar.bz2"
        - conda: "https://conda.anaconda.org/conda-forge/linux-aarch64/ncurses-6.3-headf329_1.tar.bz2"
        - conda: "https://conda.anaconda.org/conda-forge/linux-aarch64/openssl-3.0.8-hb4cce97_0.conda"
        - conda: "https://conda.anaconda.org/conda-forge/noarch/pip-23.0.1-pyhd8ed1ab_0.conda"
        - conda: "https://conda.anaconda.org/conda-forge/linux-aarch64/python-3.11.0-ha43d526_1_cpython.conda"
        - conda: "https://conda.anaconda.org/conda-forge/linux-aarch64/readline-8.1.2-h38e3740_0.tar.bz2"
        - conda: "https://conda.anaconda.org/conda-forge/noarch/setuptools-67.4.0-pyhd8ed1ab_0.conda"
        - conda: "https://conda.anaconda.org/conda-forge/linux-aarch64/tk-8.6.12-hd8af866_0.tar.bz2"
        - conda: "https://conda.anaconda.org/conda-forge/noarch/tzdata-2022g-h191b570_0.conda"
        - conda: "https://conda.anaconda.org/conda-forge/noarch/wheel-0.38.4-pyhd8ed1ab_0.tar.bz2"
        - conda: "https://conda.anaconda.org/conda-forge/linux-aarch64/xz-5.2.6-h9cdd2b7_0.tar.bz2"
      linux-ppc64le:
        - conda: "https://conda.anaconda.org/conda-forge/linux-ppc64le/_libgcc_mutex-0.1-conda_forge.tar.bz2"
        - conda: "https://conda.anaconda.org/conda-forge/linux-ppc64le/_openmp_mutex-4.5-2_gnu.tar.bz2"
        - conda: "https://conda.anaconda.org/conda-forge/linux-ppc64le/bzip2-1.0.8-h4e0d66e_4.tar.bz2"
        - conda: "https://conda.anaconda.org/conda-forge/linux-ppc64le/ca-certificates-2022.12.7-h1084571_0.conda"
        - conda: "https://conda.anaconda.org/conda-forge/linux-ppc64le/ld_impl_linux-ppc64le-2.39-hea198f4_1.conda"
        - conda: "https://conda.anaconda.org/conda-forge/linux-ppc64le/libffi-3.4.2-h4e0d66e_5.tar.bz2"
        - conda: "https://conda.anaconda.org/conda-forge/linux-ppc64le/libgcc-ng-12.2.0-hbc1322c_19.tar.bz2"
        - conda: "https://conda.anaconda.org/conda-forge/linux-ppc64le/libgomp-12.2.0-hbc1322c_19.tar.bz2"
        - conda: "https://conda.anaconda.org/conda-forge/linux-ppc64le/libnsl-2.0.0-h4e0d66e_0.tar.bz2"
        - conda: "https://conda.anaconda.org/conda-forge/linux-ppc64le/libsqlite-3.39.4-hcc10993_0.tar.bz2"
        - conda: "https://conda.anaconda.org/conda-forge/linux-ppc64le/libuuid-2.32.1-h4e0d66e_1000.tar.bz2"
        - conda: "https://conda.anaconda.org/conda-forge/linux-ppc64le/libzlib-1.2.13-hb283c62_4.tar.bz2"
        - conda: "https://conda.anaconda.org/conda-forge/linux-ppc64le/ncurses-6.3-hab78ccb_1.tar.bz2"
        - conda: "https://conda.anaconda.org/conda-forge/linux-ppc64le/openssl-3.0.8-h4194056_0.conda"
        - conda: "https://conda.anaconda.org/conda-forge/noarch/pip-23.0.1-pyhd8ed1ab_0.conda"
        - conda: "https://conda.anaconda.org/conda-forge/linux-ppc64le/python-3.11.0-h062392f_1_cpython.conda"
        - conda: "https://conda.anaconda.org/conda-forge/linux-ppc64le/readline-8.1.2-h6828edc_0.tar.bz2"
        - conda: "https://conda.anaconda.org/conda-forge/noarch/setuptools-67.4.0-pyhd8ed1ab_0.conda"
        - conda: "https://conda.anaconda.org/conda-forge/linux-ppc64le/tk-8.6.12-h41c6715_0.tar.bz2"
        - conda: "https://conda.anaconda.org/conda-forge/noarch/tzdata-2022g-h191b570_0.conda"
        - conda: "https://conda.anaconda.org/conda-forge/noarch/wheel-0.38.4-pyhd8ed1ab_0.tar.bz2"
        - conda: "https://conda.anaconda.org/conda-forge/linux-ppc64le/xz-5.2.6-hb283c62_0.tar.bz2"
      osx-64:
        - conda: "https://conda.anaconda.org/conda-forge/osx-64/bzip2-1.0.8-h0d85af4_4.tar.bz2"
        - conda: "https://conda.anaconda.org/conda-forge/osx-64/ca-certificates-2022.12.7-h033912b_0.conda"
        - conda: "https://conda.anaconda.org/conda-forge/osx-64/libffi-3.4.2-h0d85af4_5.tar.bz2"
        - conda: "https://conda.anaconda.org/conda-forge/osx-64/libsqlite-3.40.0-ha978bb4_0.tar.bz2"
        - conda: "https://conda.anaconda.org/conda-forge/osx-64/libzlib-1.2.13-hfd90126_4.tar.bz2"
        - conda: "https://conda.anaconda.org/conda-forge/osx-64/ncurses-6.3-h96cf925_1.tar.bz2"
        - conda: "https://conda.anaconda.org/conda-forge/osx-64/openssl-3.0.8-hfd90126_0.conda"
        - conda: "https://conda.anaconda.org/conda-forge/noarch/pip-23.0.1-pyhd8ed1ab_0.conda"
        - conda: "https://conda.anaconda.org/conda-forge/osx-64/python-3.11.0-he7542f4_1_cpython.conda"
        - conda: "https://conda.anaconda.org/conda-forge/osx-64/readline-8.1.2-h3899abd_0.tar.bz2"
        - conda: "https://conda.anaconda.org/conda-forge/noarch/setuptools-67.4.0-pyhd8ed1ab_0.conda"
        - conda: "https://conda.anaconda.org/conda-forge/osx-64/tk-8.6.12-h5dbffcc_0.tar.bz2"
        - conda: "https://conda.anaconda.org/conda-forge/noarch/tzdata-2022g-h191b570_0.conda"
        - conda: "https://conda.anaconda.org/conda-forge/noarch/wheel-0.38.4-pyhd8ed1ab_0.tar.bz2"
        - conda: "https://conda.anaconda.org/conda-forge/osx-64/xz-5.2.6-h775f41a_0.tar.bz2"
      osx-arm64:
        - conda: "https://conda.anaconda.org/conda-forge/osx-arm64/bzip2-1.0.8-h3422bc3_4.tar.bz2"
        - conda: "https://conda.anaconda.org/conda-forge/osx-arm64/ca-certificates-2022.12.7-h4653dfc_0.conda"
        - conda: "https://conda.anaconda.org/conda-forge/osx-arm64/libffi-3.4.2-h3422bc3_5.tar.bz2"
        - conda: "https://conda.anaconda.org/conda-forge/osx-arm64/libsqlite-3.40.0-h76d750c_0.tar.bz2"
        - conda: "https://conda.anaconda.org/conda-forge/osx-arm64/libzlib-1.2.13-h03a7124_4.tar.bz2"
        - conda: "https://conda.anaconda.org/conda-forge/osx-arm64/ncurses-6.3-h07bb92c_1.tar.bz2"
        - conda: "https://conda.anaconda.org/conda-forge/osx-arm64/openssl-3.0.8-h03a7124_0.conda"
        - conda: "https://conda.anaconda.org/conda-forge/noarch/pip-23.0.1-pyhd8ed1ab_0.conda"
        - conda: "https://conda.anaconda.org/conda-forge/osx-arm64/python-3.11.0-h3ba56d0_1_cpython.conda"
        - conda: "https://conda.anaconda.org/conda-forge/osx-arm64/readline-8.1.2-h46ed386_0.tar.bz2"
        - conda: "https://conda.anaconda.org/conda-forge/noarch/setuptools-67.4.0-pyhd8ed1ab_0.conda"
        - conda: "https://conda.anaconda.org/conda-forge/osx-arm64/tk-8.6.12-he1e0b03_0.tar.bz2"
        - conda: "https://conda.anaconda.org/conda-forge/noarch/tzdata-2022g-h191b570_0.conda"
        - conda: "https://conda.anaconda.org/conda-forge/noarch/wheel-0.38.4-pyhd8ed1ab_0.tar.bz2"
        - conda: "https://conda.anaconda.org/conda-forge/osx-arm64/xz-5.2.6-h57fd34a_0.tar.bz2"
      win-64:
        - conda: "https://conda.anaconda.org/conda-forge/win-64/bzip2-1.0.8-h8ffe710_4.tar.bz2"
        - conda: "https://conda.anaconda.org/conda-forge/win-64/ca-certificates-2022.12.7-h5b45459_0.conda"
        - conda: "https://conda.anaconda.org/conda-forge/win-64/libffi-3.4.2-h8ffe710_5.tar.bz2"
        - conda: "https://conda.anaconda.org/conda-forge/win-64/libsqlite-3.40.0-hcfcfb64_0.tar.bz2"
        - conda: "https://conda.anaconda.org/conda-forge/win-64/libzlib-1.2.13-hcfcfb64_4.tar.bz2"
        - conda: "https://conda.anaconda.org/conda-forge/win-64/openssl-3.0.8-hcfcfb64_0.conda"
        - conda: "https://conda.anaconda.org/conda-forge/noarch/pip-23.0.1-pyhd8ed1ab_0.conda"
        - conda: "https://conda.anaconda.org/conda-forge/win-64/python-3.11.0-hcf16a7b_0_cpython.tar.bz2"
        - conda: "https://conda.anaconda.org/conda-forge/noarch/setuptools-67.4.0-pyhd8ed1ab_0.conda"
        - conda: "https://conda.anaconda.org/conda-forge/win-64/tk-8.6.12-h8ffe710_0.tar.bz2"
        - conda: "https://conda.anaconda.org/conda-forge/noarch/tzdata-2022g-h191b570_0.conda"
        - conda: "https://conda.anaconda.org/conda-forge/win-64/ucrt-10.0.22621.0-h57928b3_0.tar.bz2"
        - conda: "https://conda.anaconda.org/conda-forge/win-64/vc-14.3-hb6edc58_10.conda"
        - conda: "https://conda.anaconda.org/conda-forge/win-64/vs2015_runtime-14.34.31931-h4c5c07a_10.conda"
        - conda: "https://conda.anaconda.org/conda-forge/noarch/wheel-0.38.4-pyhd8ed1ab_0.tar.bz2"
        - conda: "https://conda.anaconda.org/conda-forge/win-64/xz-5.2.6-h8d14728_0.tar.bz2"
packages:
  - kind: conda
    name: _libgcc_mutex
    version: "0.1"
    subdir: linux-64
    url: "https://conda.anaconda.org/conda-forge/linux-64/_libgcc_mutex-0.1-conda_forge.tar.bz2"
    sha256: fe51de6107f9edc7aa4f786a70f4a883943bc9d39b3bb7307c04c41410990726
    md5: d7c89558ba9fa0495403155b64376d81
    platform: linux
  - kind: conda
    name: _libgcc_mutex
    version: "0.1"
    subdir: linux-ppc64le
    url: "https://conda.anaconda.org/conda-forge/linux-ppc64le/_libgcc_mutex-0.1-conda_forge.tar.bz2"
    sha256: 5dd34b412e6274c0614d01a2f616844376ae873dfb8782c2c67d055779de6df6
    md5: e96f48755dc7c9f86c4aecf4cac40477
    platform: linux
  - kind: conda
    name: _openmp_mutex
    version: "4.5"
    subdir: linux-64
    url: "https://conda.anaconda.org/conda-forge/linux-64/_openmp_mutex-4.5-2_gnu.tar.bz2"
    sha256: fbe2c5e56a653bebb982eda4876a9178aedfc2b545f25d0ce9c4c0b508253d22
    md5: 73aaf86a425cc6e73fcf236a5a46396d
    depends:
      - _libgcc_mutex ==0.1 conda_forge
      - libgomp >=7.5.0
    platform: linux
  - kind: conda
    name: _openmp_mutex
    version: "4.5"
    subdir: linux-aarch64
    url: "https://conda.anaconda.org/conda-forge/linux-aarch64/_openmp_mutex-4.5-2_gnu.tar.bz2"
    sha256: 3702bef2f0a4d38bd8288bbe54aace623602a1343c2cfbefd3fa188e015bebf0
    md5: 6168d71addc746e8f2b8d57dfd2edcea
    depends:
      - libgomp >=7.5.0
    platform: linux
  - kind: conda
    name: _openmp_mutex
    version: "4.5"
    subdir: linux-ppc64le
    url: "https://conda.anaconda.org/conda-forge/linux-ppc64le/_openmp_mutex-4.5-2_gnu.tar.bz2"
    sha256: 4c89c2067cf5e7b0fbbdc3200c3f7affa5896e14812acf10f51575be87ae0c05
    md5: 3e41cbaba7e4988d15a24c4e85e6171b
    depends:
      - _libgcc_mutex ==0.1 conda_forge
      - libgomp >=7.5.0
    platform: linux
  - kind: conda
    name: bzip2
    version: 1.0.8
    subdir: linux-64
    url: "https://conda.anaconda.org/conda-forge/linux-64/bzip2-1.0.8-h7f98852_4.tar.bz2"
    sha256: cb521319804640ff2ad6a9f118d972ed76d86bea44e5626c09a13d38f562e1fa
    md5: a1fd65c7ccbf10880423d82bca54eb54
    depends:
      - libgcc-ng >=9.3.0
    platform: linux
  - kind: conda
    name: bzip2
    version: 1.0.8
    subdir: linux-aarch64
    url: "https://conda.anaconda.org/conda-forge/linux-aarch64/bzip2-1.0.8-hf897c2e_4.tar.bz2"
    sha256: 3aeb6ab92aa0351722497b2d2a735dc20921cf6c60d9196c04b7a2b9ece198d2
    md5: 2d787570a729e273a4e75775ddf3348a
    depends:
      - libgcc-ng >=9.3.0
    platform: linux
  - kind: conda
    name: bzip2
    version: 1.0.8
    subdir: linux-ppc64le
    url: "https://conda.anaconda.org/conda-forge/linux-ppc64le/bzip2-1.0.8-h4e0d66e_4.tar.bz2"
    sha256: e0edf3c1804547239de9f678f9b650684d0f215e4c277e1d92c281f4d61559b8
    md5: 3cbc4e0eede8b25bc53b6a462815aceb
    depends:
      - libgcc-ng >=9.3.0
    platform: linux
  - kind: conda
    name: bzip2
    version: 1.0.8
    subdir: osx-64
    url: "https://conda.anaconda.org/conda-forge/osx-64/bzip2-1.0.8-h0d85af4_4.tar.bz2"
    sha256: 60ba4c64f5d0afca0d283c7addba577d3e2efc0db86002808dadb0498661b2f2
    md5: 37edc4e6304ca87316e160f5ca0bd1b5
    platform: osx
  - kind: conda
    name: bzip2
    version: 1.0.8
    subdir: osx-arm64
    url: "https://conda.anaconda.org/conda-forge/osx-arm64/bzip2-1.0.8-h3422bc3_4.tar.bz2"
    sha256: a3efbd06ad1432edb0163c48225421f34c2660f5cc002283a8d27e791320b549
    md5: fc76ace7b94fb1f694988ab1b14dd248
    platform: osx
  - kind: conda
    name: bzip2
    version: 1.0.8
    subdir: win-64
    url: "https://conda.anaconda.org/conda-forge/win-64/bzip2-1.0.8-h8ffe710_4.tar.bz2"
    sha256: 5389dad4e73e4865bb485f460fc60b120bae74404003d457ecb1a62eb7abf0c1
    md5: 7c03c66026944073040cb19a4f3ec3c9
    depends:
      - "vc >=14.1,<15.0a0"
      - vs2015_runtime >=14.16.27012
    platform: win
  - kind: conda
    name: ca-certificates
    version: 2022.12.7
    subdir: linux-64
    url: "https://conda.anaconda.org/conda-forge/linux-64/ca-certificates-2022.12.7-ha878542_0.conda"
    sha256: 8f6c81b0637771ae0ea73dc03a6d30bec3326ba3927f2a7b91931aa2d59b1789
    md5: ff9f73d45c4a07d6f424495288a26080
    platform: linux
  - kind: conda
    name: ca-certificates
    version: 2022.12.7
    subdir: linux-aarch64
    url: "https://conda.anaconda.org/conda-forge/linux-aarch64/ca-certificates-2022.12.7-h4fd8a4c_0.conda"
    sha256: bb4e6340d55775738a5867a16071658c294d46cceff7f652f65d8dc6a495a578
    md5: 2450fbcaf65634e0d071e47e2b8487b4
    platform: linux
  - kind: conda
    name: ca-certificates
    version: 2022.12.7
    subdir: linux-ppc64le
    url: "https://conda.anaconda.org/conda-forge/linux-ppc64le/ca-certificates-2022.12.7-h1084571_0.conda"
    sha256: 82b77cb085c961b085fbbb5ea3920c1933bda08c2e1dd53685f6f21b16a336ac
    md5: e3becd49c6d0e94d1b67c9f9a4d50587
    platform: linux
  - kind: conda
    name: ca-certificates
    version: 2022.12.7
    subdir: osx-64
    url: "https://conda.anaconda.org/conda-forge/osx-64/ca-certificates-2022.12.7-h033912b_0.conda"
    sha256: 898276d86de89fb034ecfae05103045d0a0d6a356ced1b6d1832cdbd07a8fc18
    md5: af2bdcd68f16ce030ca957cdeb83d88a
    platform: osx
  - kind: conda
    name: ca-certificates
    version: 2022.12.7
    subdir: osx-arm64
    url: "https://conda.anaconda.org/conda-forge/osx-arm64/ca-certificates-2022.12.7-h4653dfc_0.conda"
    sha256: a9634dc719fc9cd4c91cf8ad3167532e59051cace3e90ef2ba305a41c316784a
    md5: 7dc111916edc905957b7417a247583b6
    platform: osx
  - kind: conda
    name: ca-certificates
    version: 2022.12.7
    subdir: win-64
    url: "https://conda.anaconda.org/conda-forge/win-64/ca-certificates-2022.12.7-h5b45459_0.conda"
    sha256: 405f3634e055e2e6b0502b1999bc9b7e7bb6b549b229a9a371b19d660f0b14f0
    md5: 31de4d9887dc8eaed9e6230a5dfbb9d6
    platform: win
  - kind: conda
    name: ld_impl_linux-64
    version: "2.40"
    subdir: linux-64
    url: "https://conda.anaconda.org/conda-forge/linux-64/ld_impl_linux-64-2.40-h41732ed_0.conda"
    sha256: f6cc89d887555912d6c61b295d398cff9ec982a3417d38025c45d5dd9b9e79cd
    md5: 7aca3059a1729aa76c597603f10b0dd3
    platform: linux
  - kind: conda
    name: ld_impl_linux-aarch64
    version: "2.40"
    subdir: linux-aarch64
    url: "https://conda.anaconda.org/conda-forge/linux-aarch64/ld_impl_linux-aarch64-2.40-h2d8c526_0.conda"
    sha256: 1ba06e8645094b340b4aee23603a6abb1b0383788180e65f3de34e655c5f577c
    md5: 16246d69e945d0b1969a6099e7c5d457
    platform: linux
  - kind: conda
    name: ld_impl_linux-ppc64le
    version: "2.39"
    subdir: linux-ppc64le
    url: "https://conda.anaconda.org/conda-forge/linux-ppc64le/ld_impl_linux-ppc64le-2.39-hea198f4_1.conda"
    sha256: 20d6db1053ae4af65677fc4b4cf9b2d5884ce26ea6b38f7088a5ebad1de62746
    md5: c7db6cc5b9479df1ed884b6147601613
    platform: linux
  - kind: conda
    name: libffi
    version: 3.4.2
    subdir: linux-64
    url: "https://conda.anaconda.org/conda-forge/linux-64/libffi-3.4.2-h7f98852_5.tar.bz2"
    sha256: ab6e9856c21709b7b517e940ae7028ae0737546122f83c2aa5d692860c3b149e
    md5: d645c6d2ac96843a2bfaccd2d62b3ac3
    depends:
      - libgcc-ng >=9.4.0
    platform: linux
  - kind: conda
    name: libffi
    version: 3.4.2
    subdir: linux-aarch64
    url: "https://conda.anaconda.org/conda-forge/linux-aarch64/libffi-3.4.2-h3557bc0_5.tar.bz2"
    sha256: 7e9258a102480757fe3faeb225a3ca04dffd10fecd2a958c65cdb4cdf75f2c3c
    md5: dddd85f4d52121fab0a8b099c5e06501
    depends:
      - libgcc-ng >=9.4.0
    platform: linux
  - kind: conda
    name: libffi
    version: 3.4.2
    subdir: linux-ppc64le
    url: "https://conda.anaconda.org/conda-forge/linux-ppc64le/libffi-3.4.2-h4e0d66e_5.tar.bz2"
    sha256: 178ca9f82e2144a8834dd01f9af3b4b9b5d482892675931edccff06aee524953
    md5: 79c37a0a50ef77fea4ee5f6d257b8b3c
    depends:
      - libgcc-ng >=9.4.0
    platform: linux
  - kind: conda
    name: libffi
    version: 3.4.2
    subdir: osx-64
    url: "https://conda.anaconda.org/conda-forge/osx-64/libffi-3.4.2-h0d85af4_5.tar.bz2"
    sha256: 7a2d27a936ceee6942ea4d397f9c7d136f12549d86f7617e8b6bad51e01a941f
    md5: ccb34fb14960ad8b125962d3d79b31a9
    platform: osx
  - kind: conda
    name: libffi
    version: 3.4.2
    subdir: osx-arm64
    url: "https://conda.anaconda.org/conda-forge/osx-arm64/libffi-3.4.2-h3422bc3_5.tar.bz2"
    sha256: 41b3d13efb775e340e4dba549ab5c029611ea6918703096b2eaa9c015c0750ca
    md5: 086914b672be056eb70fd4285b6783b6
    platform: osx
  - kind: conda
    name: libffi
    version: 3.4.2
    subdir: win-64
    url: "https://conda.anaconda.org/conda-forge/win-64/libffi-3.4.2-h8ffe710_5.tar.bz2"
    sha256: 1951ab740f80660e9bc07d2ed3aefb874d78c107264fd810f24a1a6211d4b1a5
    md5: 2c96d1b6915b408893f9472569dee135
    depends:
      - "vc >=14.1,<15.0a0"
      - vs2015_runtime >=14.16.27012
    platform: win
  - kind: conda
    name: libgcc-ng
    version: 12.2.0
    subdir: linux-64
    url: "https://conda.anaconda.org/conda-forge/linux-64/libgcc-ng-12.2.0-h65d4601_19.tar.bz2"
    sha256: f3899c26824cee023f1e360bd0859b0e149e2b3e8b1668bc6dd04bfc70dcd659
    md5: e4c94f80aef025c17ab0828cd85ef535
    depends:
      - _libgcc_mutex ==0.1 conda_forge
      - _openmp_mutex >=4.5
    platform: linux
  - kind: conda
    name: libgcc-ng
    version: 12.2.0
    subdir: linux-aarch64
    url: "https://conda.anaconda.org/conda-forge/linux-aarch64/libgcc-ng-12.2.0-h607ecd0_19.tar.bz2"
    sha256: 0dd30553f6f38b011c9c81471a50f85e98a79e4dd672fdc1fc97904b54b5419b
    md5: 8456a29b6d9fc3123ccb9a966b6b2c49
    depends:
      - _openmp_mutex >=4.5
    platform: linux
  - kind: conda
    name: libgcc-ng
    version: 12.2.0
    subdir: linux-ppc64le
    url: "https://conda.anaconda.org/conda-forge/linux-ppc64le/libgcc-ng-12.2.0-hbc1322c_19.tar.bz2"
    sha256: 335a2b7415cb5fbbf05459f6cfcca4dd8bafd43bcbe5bf6aa56bf66b7ed6bf42
    md5: 9ad34f95d6fb05300bbd0f553f3bece4
    depends:
      - _libgcc_mutex ==0.1 conda_forge
      - _openmp_mutex >=4.5
    platform: linux
  - kind: conda
    name: libgomp
    version: 12.2.0
    subdir: linux-64
    url: "https://conda.anaconda.org/conda-forge/linux-64/libgomp-12.2.0-h65d4601_19.tar.bz2"
    sha256: 81a76d20cfdee9fe0728b93ef057ba93494fd1450d42bc3717af4e468235661e
    md5: cedcee7c064c01c403f962c9e8d3c373
    depends:
      - _libgcc_mutex ==0.1 conda_forge
    platform: linux
  - kind: conda
    name: libgomp
    version: 12.2.0
    subdir: linux-aarch64
    url: "https://conda.anaconda.org/conda-forge/linux-aarch64/libgomp-12.2.0-h607ecd0_19.tar.bz2"
    sha256: d802eaceaf6f77fb8cb2e990aacf9b3eaa83361b16369a760fc1585841d7885c
    md5: 65b9cb876525dcb2e74a90cf02c6762a
    platform: linux
  - kind: conda
    name: libgomp
    version: 12.2.0
    subdir: linux-ppc64le
    url: "https://conda.anaconda.org/conda-forge/linux-ppc64le/libgomp-12.2.0-hbc1322c_19.tar.bz2"
    sha256: 56a43985f648c358c6b3eb949863e393dbdb48d8f017315e03ff703031b8a951
    md5: 25647ac31b4d467fce690c6a561a58aa
    depends:
      - _libgcc_mutex ==0.1 conda_forge
    platform: linux
  - kind: conda
    name: libnsl
    version: 2.0.0
    subdir: linux-64
    url: "https://conda.anaconda.org/conda-forge/linux-64/libnsl-2.0.0-h7f98852_0.tar.bz2"
    sha256: 32f4fb94d99946b0dabfbbfd442b25852baf909637f2eed1ffe3baea15d02aad
    md5: 39b1328babf85c7c3a61636d9cd50206
    depends:
      - libgcc-ng >=9.4.0
    platform: linux
  - kind: conda
    name: libnsl
    version: 2.0.0
    subdir: linux-aarch64
    url: "https://conda.anaconda.org/conda-forge/linux-aarch64/libnsl-2.0.0-hf897c2e_0.tar.bz2"
    sha256: 182dbc318b7ab3ab10bc5a9d3ca161b143ae8db6df8aa11b65140009e322e642
    md5: 36fdbc05c9d9145ece86f5a63c3f352e
    depends:
      - libgcc-ng >=9.4.0
    platform: linux
  - kind: conda
    name: libnsl
    version: 2.0.0
    subdir: linux-ppc64le
    url: "https://conda.anaconda.org/conda-forge/linux-ppc64le/libnsl-2.0.0-h4e0d66e_0.tar.bz2"
    sha256: 2aa6cd044633586588c7105a3702788ee65b679801ab5d00b48d64265ae2f13c
    md5: e6c718cb0e01f2af330da0a8dbd55b68
    depends:
      - libgcc-ng >=9.4.0
    platform: linux
  - kind: conda
    name: libsqlite
    version: 3.39.4
    subdir: linux-ppc64le
    url: "https://conda.anaconda.org/conda-forge/linux-ppc64le/libsqlite-3.39.4-hcc10993_0.tar.bz2"
    sha256: 93cdea9743cf1f86fdf9e9516061d5c68b9b5c43b99b7db1dd81d5b3452c4759
    md5: 49799ec532f260e4264705336d01310b
    depends:
      - libgcc-ng >=12
      - "libzlib >=1.2.12,<1.3.0a0"
    platform: linux
  - kind: conda
    name: libsqlite
    version: 3.40.0
    subdir: linux-64
    url: "https://conda.anaconda.org/conda-forge/linux-64/libsqlite-3.40.0-h753d276_0.tar.bz2"
    sha256: 6008a0b914bd1a3510a3dba38eada93aa0349ebca3a21e5fa276833c8205bf49
    md5: 2e5f9a37d487e1019fd4d8113adb2f9f
    depends:
      - libgcc-ng >=12
      - "libzlib >=1.2.13,<1.3.0a0"
    platform: linux
  - kind: conda
    name: libsqlite
    version: 3.40.0
    subdir: linux-aarch64
    url: "https://conda.anaconda.org/conda-forge/linux-aarch64/libsqlite-3.40.0-hf9034f9_0.tar.bz2"
    sha256: 15e4a4bef065f73c2aae630c0408fd6108f5915d4640c7d97578f2e07b3f5d11
    md5: 9afb0d5dbaa403858a660cd0b4a31d29
    depends:
      - libgcc-ng >=12
      - "libzlib >=1.2.13,<1.3.0a0"
    platform: linux
  - kind: conda
    name: libsqlite
    version: 3.40.0
    subdir: osx-64
    url: "https://conda.anaconda.org/conda-forge/osx-64/libsqlite-3.40.0-ha978bb4_0.tar.bz2"
    sha256: ae19f866188cc0c514fed754468460ae9e8dd763ebbd7b7afc4e818d71844297
    md5: ceb13b6726534b96e3b4e3dda91e9050
    depends:
      - "libzlib >=1.2.13,<1.3.0a0"
    platform: osx
  - kind: conda
    name: libsqlite
    version: 3.40.0
    subdir: osx-arm64
    url: "https://conda.anaconda.org/conda-forge/osx-arm64/libsqlite-3.40.0-h76d750c_0.tar.bz2"
    sha256: 5e8992b2099bb4767996e1bed70945ba39f61399ab912ba2a2770d12c165acb5
    md5: d090fcec993f4ef0a90e6df7f231a273
    depends:
      - "libzlib >=1.2.13,<1.3.0a0"
    platform: osx
  - kind: conda
    name: libsqlite
    version: 3.40.0
    subdir: win-64
    url: "https://conda.anaconda.org/conda-forge/win-64/libsqlite-3.40.0-hcfcfb64_0.tar.bz2"
    sha256: 4e50b3d90a351c9d47d239d3f90fce4870df2526e4f7fef35203ab3276a6dfc9
    md5: 5e5a97795de72f8cc3baf3d9ea6327a2
    depends:
      - ucrt >=10.0.20348.0
      - "vc >=14.2,<15"
      - vs2015_runtime >=14.29.30139
    platform: win
  - kind: conda
    name: libuuid
    version: 2.32.1
    subdir: linux-64
    url: "https://conda.anaconda.org/conda-forge/linux-64/libuuid-2.32.1-h7f98852_1000.tar.bz2"
    sha256: 54f118845498353c936826f8da79b5377d23032bcac8c4a02de2019e26c3f6b3
    md5: 772d69f030955d9646d3d0eaf21d859d
    depends:
      - libgcc-ng >=9.3.0
    platform: linux
  - kind: conda
    name: libuuid
    version: 2.32.1
    subdir: linux-aarch64
    url: "https://conda.anaconda.org/conda-forge/linux-aarch64/libuuid-2.32.1-hf897c2e_1000.tar.bz2"
    sha256: 8f7eead3723c32631b252aea336bb39fbbde433b8d0c5a75745f03eaa980447d
    md5: e038da5ef9095b0d79aac14a311394e7
    depends:
      - libgcc-ng >=9.3.0
    platform: linux
  - kind: conda
    name: libuuid
    version: 2.32.1
    subdir: linux-ppc64le
    url: "https://conda.anaconda.org/conda-forge/linux-ppc64le/libuuid-2.32.1-h4e0d66e_1000.tar.bz2"
    sha256: 58b4f6e27b921ff9171e64b3e382cc644d7da70d5da4e3815b7ceae4b4b452e0
    md5: ceb7466afcb5be47530ffe9aae8650ae
    depends:
      - libgcc-ng >=9.3.0
    platform: linux
  - kind: conda
    name: libzlib
    version: 1.2.13
    subdir: linux-64
    url: "https://conda.anaconda.org/conda-forge/linux-64/libzlib-1.2.13-h166bdaf_4.tar.bz2"
    sha256: 22f3663bcf294d349327e60e464a51cd59664a71b8ed70c28a9f512d10bc77dd
    md5: f3f9de449d32ca9b9c66a22863c96f41
    depends:
      - libgcc-ng >=12
    platform: linux
  - kind: conda
    name: libzlib
    version: 1.2.13
    subdir: linux-aarch64
    url: "https://conda.anaconda.org/conda-forge/linux-aarch64/libzlib-1.2.13-h4e544f5_4.tar.bz2"
    sha256: 9803ac96dbdbc27df9c149e06d4436b778c468bd0e6e023fbcb49a6fe9c404b4
    md5: 88596b6277fe6d39f046983aae6044db
    depends:
      - libgcc-ng >=12
    platform: linux
  - kind: conda
    name: libzlib
    version: 1.2.13
    subdir: linux-ppc64le
    url: "https://conda.anaconda.org/conda-forge/linux-ppc64le/libzlib-1.2.13-hb283c62_4.tar.bz2"
    sha256: 62073ba865b49db36dc14ffeaa2985711bce65d720b853e3aa4cce0a9e5439d8
    md5: af99cdd23d3761a569840663bdf0dc0d
    depends:
      - libgcc-ng >=12
    platform: linux
  - kind: conda
    name: libzlib
    version: 1.2.13
    subdir: osx-64
    url: "https://conda.anaconda.org/conda-forge/osx-64/libzlib-1.2.13-hfd90126_4.tar.bz2"
    sha256: 0d954350222cc12666a1f4852dbc9bcf4904d8e467d29505f2b04ded6518f890
    md5: 35eb3fce8d51ed3c1fd4122bad48250b
    platform: osx
  - kind: conda
    name: libzlib
    version: 1.2.13
    subdir: osx-arm64
    url: "https://conda.anaconda.org/conda-forge/osx-arm64/libzlib-1.2.13-h03a7124_4.tar.bz2"
    sha256: a1bf4a1c107838fea4570a7f1750306d65d84fcf2913d4e0d30b4db785e8f223
    md5: 780852dc54c4c07e64b276a97f89c162
    platform: osx
  - kind: conda
    name: libzlib
    version: 1.2.13
    subdir: win-64
    url: "https://conda.anaconda.org/conda-forge/win-64/libzlib-1.2.13-hcfcfb64_4.tar.bz2"
    sha256: 184da12b4296088a47086f4e69e65eb5f8537a824ee3131d8076775e1d1ea767
    md5: 0cc5c5cc64ee1637f37f8540a175854c
    depends:
      - ucrt >=10.0.20348.0
      - "vc >=14.2,<15"
      - vs2015_runtime >=14.29.30139
    platform: win
  - kind: conda
    name: ncurses
    version: "6.3"
    subdir: linux-64
    url: "https://conda.anaconda.org/conda-forge/linux-64/ncurses-6.3-h27087fc_1.tar.bz2"
    sha256: b801e8cf4b2c9a30bce5616746c6c2a4e36427f045b46d9fc08a4ed40a9f7065
    md5: 4acfc691e64342b9dae57cf2adc63238
    depends:
      - libgcc-ng >=10.3.0
    platform: linux
  - kind: conda
    name: ncurses
    version: "6.3"
    subdir: linux-aarch64
    url: "https://conda.anaconda.org/conda-forge/linux-aarch64/ncurses-6.3-headf329_1.tar.bz2"
    sha256: d410d840cb39175d7edc388690b93b2e3d7613c2e2f5c64b96582dc8b55b2319
    md5: 486b68148e121bc8bbadc3cefae4c04f
    depends:
      - libgcc-ng >=10.3.0
    platform: linux
  - kind: conda
    name: ncurses
    version: "6.3"
    subdir: linux-ppc64le
    url: "https://conda.anaconda.org/conda-forge/linux-ppc64le/ncurses-6.3-hab78ccb_1.tar.bz2"
    sha256: 37761927f381de5741d7f176dddc1c3b60876f44db10f7d636ad1133381d1a94
    md5: 775403ae6d617d309d874f9bff20e670
    depends:
      - libgcc-ng >=10.3.0
    platform: linux
  - kind: conda
    name: ncurses
    version: "6.3"
    subdir: osx-64
    url: "https://conda.anaconda.org/conda-forge/osx-64/ncurses-6.3-h96cf925_1.tar.bz2"
    sha256: 9794a23d03586c99cac49d4ae3d5337faaa6bfc256b31d2662ff4ad5972be143
    md5: 76217ebfbb163ff2770a261f955a5861
    platform: osx
  - kind: conda
    name: ncurses
    version: "6.3"
    subdir: osx-arm64
    url: "https://conda.anaconda.org/conda-forge/osx-arm64/ncurses-6.3-h07bb92c_1.tar.bz2"
    sha256: 50ba7c13dd7d05569e7caa98a13a3684450f8547b4965a1e86b54e2f1240debe
    md5: db86e5a978380a13f5559f97afdfe99d
    platform: osx
  - kind: conda
    name: openssl
    version: 3.0.8
    subdir: linux-64
    url: "https://conda.anaconda.org/conda-forge/linux-64/openssl-3.0.8-h0b41bf4_0.conda"
    sha256: cd981c5c18463bc7a164fcf45c5cf697d58852b780b4dfa5e83c18c1fda6d7cd
    md5: e043403cd18faf815bf7705ab6c1e092
    depends:
      - ca-certificates
      - libgcc-ng >=12
    platform: linux
  - kind: conda
    name: openssl
    version: 3.0.8
    subdir: linux-aarch64
    url: "https://conda.anaconda.org/conda-forge/linux-aarch64/openssl-3.0.8-hb4cce97_0.conda"
    sha256: 19d10fdaee08ab2b5506cdce4399922c5c7d012be7ca7ca93c521748bade3e90
    md5: 268fe30a14a3f40fe54da04fc053fd2d
    depends:
      - ca-certificates
      - libgcc-ng >=12
    platform: linux
  - kind: conda
    name: openssl
    version: 3.0.8
    subdir: linux-ppc64le
    url: "https://conda.anaconda.org/conda-forge/linux-ppc64le/openssl-3.0.8-h4194056_0.conda"
    sha256: 62200f7fa9acb5d9cee24b373695e78ef1d7373bdfd77a50b80e57864b536436
    md5: e952dfc7249a48558697f61b41859864
    depends:
      - ca-certificates
      - libgcc-ng >=12
    platform: linux
  - kind: conda
    name: openssl
    version: 3.0.8
    subdir: osx-64
    url: "https://conda.anaconda.org/conda-forge/osx-64/openssl-3.0.8-hfd90126_0.conda"
    sha256: 750ebd464414b7c4ea5aaa704788f7238a356c0a54ce76b018af246cdb65bf08
    md5: 4239d01834a13512079046ea216b6657
    depends:
      - ca-certificates
    platform: osx
  - kind: conda
    name: openssl
    version: 3.0.8
    subdir: osx-arm64
    url: "https://conda.anaconda.org/conda-forge/osx-arm64/openssl-3.0.8-h03a7124_0.conda"
    sha256: 6d58b0412c4c27669da02368a303f4c4abc1b0edda5f27b2f8155299ab2b45a5
    md5: accdc6784b8ae5dd618a9e76f4c3af36
    depends:
      - ca-certificates
    platform: osx
  - kind: conda
    name: openssl
    version: 3.0.8
    subdir: win-64
    url: "https://conda.anaconda.org/conda-forge/win-64/openssl-3.0.8-hcfcfb64_0.conda"
    sha256: 35bf9375b379ab0818a6c58a60b15a4ad85b00ea7f460dd77860da3f3eccfd5d
    md5: 46cd47b2c18522b98c34e5101e583137
    depends:
      - ca-certificates
      - ucrt >=10.0.20348.0
      - "vc >=14.2,<15"
      - vs2015_runtime >=14.29.30139
    platform: win
  - kind: conda
    name: pip
    version: 23.0.1
    subdir: linux-64
    url: "https://conda.anaconda.org/conda-forge/noarch/pip-23.0.1-pyhd8ed1ab_0.conda"
    sha256: e1698cbf4964cd60a2885c0edbc654133cd0db5ac4cb568412250e577dbc42ad
    md5: 8025ca83b8ba5430b640b83917c2a6f7
    depends:
      - python >=3.7
      - setuptools
      - wheel
    platform: linux
  - kind: conda
    name: pip
    version: 23.0.1
    subdir: linux-aarch64
    url: "https://conda.anaconda.org/conda-forge/noarch/pip-23.0.1-pyhd8ed1ab_0.conda"
    sha256: e1698cbf4964cd60a2885c0edbc654133cd0db5ac4cb568412250e577dbc42ad
    md5: 8025ca83b8ba5430b640b83917c2a6f7
    depends:
      - python >=3.7
      - setuptools
      - wheel
    platform: linux
  - kind: conda
    name: pip
    version: 23.0.1
    subdir: linux-ppc64le
    url: "https://conda.anaconda.org/conda-forge/noarch/pip-23.0.1-pyhd8ed1ab_0.conda"
    sha256: e1698cbf4964cd60a2885c0edbc654133cd0db5ac4cb568412250e577dbc42ad
    md5: 8025ca83b8ba5430b640b83917c2a6f7
    depends:
      - python >=3.7
      - setuptools
      - wheel
    platform: linux
  - kind: conda
    name: pip
    version: 23.0.1
    subdir: osx-64
    url: "https://conda.anaconda.org/conda-forge/noarch/pip-23.0.1-pyhd8ed1ab_0.conda"
    sha256: e1698cbf4964cd60a2885c0edbc654133cd0db5ac4cb568412250e577dbc42ad
    md5: 8025ca83b8ba5430b640b83917c2a6f7
    depends:
      - python >=3.7
      - setuptools
      - wheel
    platform: osx
  - kind: conda
    name: pip
    version: 23.0.1
    subdir: osx-arm64
    url: "https://conda.anaconda.org/conda-forge/noarch/pip-23.0.1-pyhd8ed1ab_0.conda"
    sha256: e1698cbf4964cd60a2885c0edbc654133cd0db5ac4cb568412250e577dbc42ad
    md5: 8025ca83b8ba5430b640b83917c2a6f7
    depends:
      - python >=3.7
      - setuptools
      - wheel
    platform: osx
  - kind: conda
    name: pip
    version: 23.0.1
    subdir: win-64
    url: "https://conda.anaconda.org/conda-forge/noarch/pip-23.0.1-pyhd8ed1ab_0.conda"
    sha256: e1698cbf4964cd60a2885c0edbc654133cd0db5ac4cb568412250e577dbc42ad
    md5: 8025ca83b8ba5430b640b83917c2a6f7
    depends:
      - python >=3.7
      - setuptools
      - wheel
    platform: win
  - kind: conda
    name: python
    version: 3.11.0
    subdir: linux-64
    url: "https://conda.anaconda.org/conda-forge/linux-64/python-3.11.0-he550d4f_1_cpython.conda"
    sha256: 464f998e406b645ba34771bb53a0a7c2734e855ee78dd021aa4dedfdb65659b7
    md5: 8d14fc2aa12db370a443753c8230be1e
    depends:
      - "bzip2 >=1.0.8,<2.0a0"
      - ld_impl_linux-64 >=2.36.1
      - "libffi >=3.4,<4.0a0"
      - libgcc-ng >=12
      - "libnsl >=2.0.0,<2.1.0a0"
      - "libsqlite >=3.40.0,<4.0a0"
      - "libuuid >=2.32.1,<3.0a0"
      - "libzlib >=1.2.13,<1.3.0a0"
      - "ncurses >=6.3,<7.0a0"
      - "openssl >=3.0.7,<4.0a0"
      - pip
      - "readline >=8.1.2,<9.0a0"
      - "tk >=8.6.12,<8.7.0a0"
      - tzdata
      - "xz >=5.2.6,<6.0a0"
    platform: linux
  - kind: conda
    name: python
    version: 3.11.0
    subdir: linux-aarch64
    url: "https://conda.anaconda.org/conda-forge/linux-aarch64/python-3.11.0-ha43d526_1_cpython.conda"
    sha256: 88a786ac9fbf6d5b1e35036f0cb1e7dad694b3be9fa79dd6a71afa954bf02ae3
    md5: e537239a305ab94925b6cd226cd523da
    depends:
      - "bzip2 >=1.0.8,<2.0a0"
      - ld_impl_linux-aarch64 >=2.36.1
      - "libffi >=3.4,<4.0a0"
      - libgcc-ng >=12
      - "libnsl >=2.0.0,<2.1.0a0"
      - "libsqlite >=3.40.0,<4.0a0"
      - "libuuid >=2.32.1,<3.0a0"
      - "libzlib >=1.2.13,<1.3.0a0"
      - "ncurses >=6.3,<7.0a0"
      - "openssl >=3.0.7,<4.0a0"
      - pip
      - "readline >=8.1.2,<9.0a0"
      - "tk >=8.6.12,<8.7.0a0"
      - tzdata
      - "xz >=5.2.6,<6.0a0"
    platform: linux
  - kind: conda
    name: python
    version: 3.11.0
    subdir: linux-ppc64le
    url: "https://conda.anaconda.org/conda-forge/linux-ppc64le/python-3.11.0-h062392f_1_cpython.conda"
    sha256: de4f1f739b1c2f32fa5fe760fa224faeaa576d9fca166d24412b7332b7c0f62a
    md5: faa178e528333026495be694a3e8fc05
    depends:
      - "bzip2 >=1.0.8,<2.0a0"
      - ld_impl_linux-ppc64le >=2.36.1
      - "libffi >=3.4,<4.0a0"
      - libgcc-ng >=12
      - "libnsl >=2.0.0,<2.1.0a0"
      - "libsqlite >=3.39.4,<4.0a0"
      - "libuuid >=2.32.1,<3.0a0"
      - "libzlib >=1.2.13,<1.3.0a0"
      - "ncurses >=6.3,<7.0a0"
      - "openssl >=3.0.7,<4.0a0"
      - pip
      - "readline >=8.1.2,<9.0a0"
      - "tk >=8.6.12,<8.7.0a0"
      - tzdata
      - "xz >=5.2.6,<6.0a0"
    platform: linux
  - kind: conda
    name: python
    version: 3.11.0
    subdir: osx-64
    url: "https://conda.anaconda.org/conda-forge/osx-64/python-3.11.0-he7542f4_1_cpython.conda"
    sha256: 5c069c9908e48a4490a56d3752c0bc93c2fc93ab8d8328efc869fdc707618e9f
    md5: 9ecfa530b33aefd0d22e0272336f638a
    depends:
      - "bzip2 >=1.0.8,<2.0a0"
      - "libffi >=3.4,<4.0a0"
      - "libsqlite >=3.40.0,<4.0a0"
      - "libzlib >=1.2.13,<1.3.0a0"
      - "ncurses >=6.3,<7.0a0"
      - "openssl >=3.0.7,<4.0a0"
      - pip
      - "readline >=8.1.2,<9.0a0"
      - "tk >=8.6.12,<8.7.0a0"
      - tzdata
      - "xz >=5.2.6,<6.0a0"
    platform: osx
  - kind: conda
    name: python
    version: 3.11.0
    subdir: osx-arm64
    url: "https://conda.anaconda.org/conda-forge/osx-arm64/python-3.11.0-h3ba56d0_1_cpython.conda"
    sha256: 28a54d78cd2624a12bd2ceb0f1816b0cba9b4fd97df846b5843b3c1d51642ab2
    md5: 2aa7ca3702d9afd323ca34a9d98879d1
    depends:
      - "bzip2 >=1.0.8,<2.0a0"
      - "libffi >=3.4,<4.0a0"
      - "libsqlite >=3.40.0,<4.0a0"
      - "libzlib >=1.2.13,<1.3.0a0"
      - "ncurses >=6.3,<7.0a0"
      - "openssl >=3.0.7,<4.0a0"
      - pip
      - "readline >=8.1.2,<9.0a0"
      - "tk >=8.6.12,<8.7.0a0"
      - tzdata
      - "xz >=5.2.6,<6.0a0"
    platform: osx
  - kind: conda
    name: python
    version: 3.11.0
    subdir: win-64
    url: "https://conda.anaconda.org/conda-forge/win-64/python-3.11.0-hcf16a7b_0_cpython.tar.bz2"
    sha256: 20d1f1b5dc620b745c325844545fd5c0cdbfdb2385a0e27ef1507399844c8c6d
    md5: 13ee3577afc291dabd2d9edc59736688
    depends:
      - "bzip2 >=1.0.8,<2.0a0"
      - "libffi >=3.4.2,<3.5.0a0"
      - "libsqlite >=3.39.4,<4.0a0"
      - "libzlib >=1.2.13,<1.3.0a0"
      - "openssl >=3.0.5,<4.0a0"
      - pip
      - "tk >=8.6.12,<8.7.0a0"
      - tzdata
      - "vc >=14.1,<15"
      - vs2015_runtime >=14.16.27033
      - "xz >=5.2.6,<5.3.0a0"
    platform: win
  - kind: conda
    name: readline
    version: 8.1.2
    subdir: linux-64
    url: "https://conda.anaconda.org/conda-forge/linux-64/readline-8.1.2-h0f457ee_0.tar.bz2"
    sha256: f5f383193bdbe01c41cb0d6f99fec68e820875e842e6e8b392dbe1a9b6c43ed8
    md5: db2ebbe2943aae81ed051a6a9af8e0fa
    depends:
      - libgcc-ng >=12
      - "ncurses >=6.3,<7.0a0"
    platform: linux
  - kind: conda
    name: readline
    version: 8.1.2
    subdir: linux-aarch64
    url: "https://conda.anaconda.org/conda-forge/linux-aarch64/readline-8.1.2-h38e3740_0.tar.bz2"
    sha256: a33bb6e4c93599fb97eb19db0dcca602a90475f2da3c01c14add19b908178fcd
    md5: 3cdbfb7d7b63ae2c2d35bb167d257ecd
    depends:
      - libgcc-ng >=12
      - "ncurses >=6.3,<7.0a0"
    platform: linux
  - kind: conda
    name: readline
    version: 8.1.2
    subdir: linux-ppc64le
    url: "https://conda.anaconda.org/conda-forge/linux-ppc64le/readline-8.1.2-h6828edc_0.tar.bz2"
    sha256: 37e57caeeb181929648aa898487909b8badad20aa9fb49ab603446cccdb743db
    md5: a8b0d567fd553734fc0fd0ab2447526a
    depends:
      - libgcc-ng >=12
      - "ncurses >=6.3,<7.0a0"
    platform: linux
  - kind: conda
    name: readline
    version: 8.1.2
    subdir: osx-64
    url: "https://conda.anaconda.org/conda-forge/osx-64/readline-8.1.2-h3899abd_0.tar.bz2"
    sha256: c65dc1200a252832db49bdd6836c512a0eaafe97aa914b9f8358b15eebb1d94b
    md5: 89fa404901fa8fb7d4f4e07083b8d635
    depends:
      - "ncurses >=6.3,<7.0a0"
    platform: osx
  - kind: conda
    name: readline
    version: 8.1.2
    subdir: osx-arm64
    url: "https://conda.anaconda.org/conda-forge/osx-arm64/readline-8.1.2-h46ed386_0.tar.bz2"
    sha256: 2d2a65fcdd91361ea7e40c03eeec18ff7a453c32f6589a1fce64717f6cd7c7b6
    md5: dc790f296d94409efb3f22af84ee968d
    depends:
      - "ncurses >=6.3,<7.0a0"
    platform: osx
  - kind: conda
    name: setuptools
    version: 67.4.0
    subdir: linux-64
    url: "https://conda.anaconda.org/conda-forge/noarch/setuptools-67.4.0-pyhd8ed1ab_0.conda"
    sha256: 7c58de8c7d98b341bd9be117feec64782e704fec5c30f6e14713ebccaab9b5d8
    md5: c6f4b87020c72e2700e3e94c1fc93b70
    depends:
      - python >=3.7
    platform: linux
  - kind: conda
    name: setuptools
    version: 67.4.0
    subdir: linux-aarch64
    url: "https://conda.anaconda.org/conda-forge/noarch/setuptools-67.4.0-pyhd8ed1ab_0.conda"
    sha256: 7c58de8c7d98b341bd9be117feec64782e704fec5c30f6e14713ebccaab9b5d8
    md5: c6f4b87020c72e2700e3e94c1fc93b70
    depends:
      - python >=3.7
    platform: linux
  - kind: conda
    name: setuptools
    version: 67.4.0
    subdir: linux-ppc64le
    url: "https://conda.anaconda.org/conda-forge/noarch/setuptools-67.4.0-pyhd8ed1ab_0.conda"
    sha256: 7c58de8c7d98b341bd9be117feec64782e704fec5c30f6e14713ebccaab9b5d8
    md5: c6f4b87020c72e2700e3e94c1fc93b70
    depends:
      - python >=3.7
    platform: linux
  - kind: conda
    name: setuptools
    version: 67.4.0
    subdir: osx-64
    url: "https://conda.anaconda.org/conda-forge/noarch/setuptools-67.4.0-pyhd8ed1ab_0.conda"
    sha256: 7c58de8c7d98b341bd9be117feec64782e704fec5c30f6e14713ebccaab9b5d8
    md5: c6f4b87020c72e2700e3e94c1fc93b70
    depends:
      - python >=3.7
    platform: osx
  - kind: conda
    name: setuptools
    version: 67.4.0
    subdir: osx-arm64
    url: "https://conda.anaconda.org/conda-forge/noarch/setuptools-67.4.0-pyhd8ed1ab_0.conda"
    sha256: 7c58de8c7d98b341bd9be117feec64782e704fec5c30f6e14713ebccaab9b5d8
    md5: c6f4b87020c72e2700e3e94c1fc93b70
    depends:
      - python >=3.7
    platform: osx
  - kind: conda
    name: setuptools
    version: 67.4.0
    subdir: win-64
    url: "https://conda.anaconda.org/conda-forge/noarch/setuptools-67.4.0-pyhd8ed1ab_0.conda"
    sha256: 7c58de8c7d98b341bd9be117feec64782e704fec5c30f6e14713ebccaab9b5d8
    md5: c6f4b87020c72e2700e3e94c1fc93b70
    depends:
      - python >=3.7
    platform: win
  - kind: conda
    name: tk
    version: 8.6.12
    subdir: linux-64
    url: "https://conda.anaconda.org/conda-forge/linux-64/tk-8.6.12-h27826a3_0.tar.bz2"
    sha256: 032fd769aad9d4cad40ba261ab222675acb7ec951a8832455fce18ef33fa8df0
    md5: 5b8c42eb62e9fc961af70bdd6a26e168
    depends:
      - libgcc-ng >=9.4.0
      - "libzlib >=1.2.11,<1.3.0a0"
    platform: linux
  - kind: conda
    name: tk
    version: 8.6.12
    subdir: linux-aarch64
    url: "https://conda.anaconda.org/conda-forge/linux-aarch64/tk-8.6.12-hd8af866_0.tar.bz2"
    sha256: d659316c9e502fb0e1b9a284fb0f0c00e273bff787e9385ab14be9af13dcd0d2
    md5: 7894e82ff743bd96c76585ddebe28e2a
    depends:
      - libgcc-ng >=9.4.0
      - "libzlib >=1.2.11,<1.3.0a0"
    platform: linux
  - kind: conda
    name: tk
    version: 8.6.12
    subdir: linux-ppc64le
    url: "https://conda.anaconda.org/conda-forge/linux-ppc64le/tk-8.6.12-h41c6715_0.tar.bz2"
    sha256: 61ef67fe390109aa3423d30b96faddb97b054dfbcc0e6c8a3192331b13d14d92
    md5: c0490995dc12b45388a01094f9959edd
    depends:
      - libgcc-ng >=9.4.0
      - "libzlib >=1.2.11,<1.3.0a0"
    platform: linux
  - kind: conda
    name: tk
    version: 8.6.12
    subdir: osx-64
    url: "https://conda.anaconda.org/conda-forge/osx-64/tk-8.6.12-h5dbffcc_0.tar.bz2"
    sha256: 331aa1137a264fd9cc905f04f09a161c801fe504b93da08b4e6697bd7c9ae6a6
    md5: 8e9480d9c47061db2ed1b4ecce519a7f
    depends:
      - "libzlib >=1.2.11,<1.3.0a0"
    platform: osx
  - kind: conda
    name: tk
    version: 8.6.12
    subdir: osx-arm64
    url: "https://conda.anaconda.org/conda-forge/osx-arm64/tk-8.6.12-he1e0b03_0.tar.bz2"
    sha256: 9e43ec80045892e28233e4ca4d974e09d5837392127702fb952f3935b5e985a4
    md5: 2cb3d18eac154109107f093860bd545f
    depends:
      - "libzlib >=1.2.11,<1.3.0a0"
    platform: osx
  - kind: conda
    name: tk
    version: 8.6.12
    subdir: win-64
    url: "https://conda.anaconda.org/conda-forge/win-64/tk-8.6.12-h8ffe710_0.tar.bz2"
    sha256: 087795090a99a1d397ef1ed80b4a01fabfb0122efb141562c168e3c0a76edba6
    md5: c69a5047cc9291ae40afd4a1ad6f0c0f
    depends:
      - "vc >=14.1,<15"
      - vs2015_runtime >=14.16.27033
    platform: win
  - kind: conda
    name: tzdata
    version: 2022g
    subdir: linux-64
    url: "https://conda.anaconda.org/conda-forge/noarch/tzdata-2022g-h191b570_0.conda"
    sha256: 0bfae0b9962bc0dbf79048f9175b913ed4f53c4310d06708dc7acbb290ad82f6
    md5: 51fc4fcfb19f5d95ffc8c339db5068e8
    platform: linux
  - kind: conda
    name: tzdata
    version: 2022g
    subdir: linux-aarch64
    url: "https://conda.anaconda.org/conda-forge/noarch/tzdata-2022g-h191b570_0.conda"
    sha256: 0bfae0b9962bc0dbf79048f9175b913ed4f53c4310d06708dc7acbb290ad82f6
    md5: 51fc4fcfb19f5d95ffc8c339db5068e8
    platform: linux
  - kind: conda
    name: tzdata
    version: 2022g
    subdir: linux-ppc64le
    url: "https://conda.anaconda.org/conda-forge/noarch/tzdata-2022g-h191b570_0.conda"
    sha256: 0bfae0b9962bc0dbf79048f9175b913ed4f53c4310d06708dc7acbb290ad82f6
    md5: 51fc4fcfb19f5d95ffc8c339db5068e8
    platform: linux
  - kind: conda
    name: tzdata
    version: 2022g
    subdir: osx-64
    url: "https://conda.anaconda.org/conda-forge/noarch/tzdata-2022g-h191b570_0.conda"
    sha256: 0bfae0b9962bc0dbf79048f9175b913ed4f53c4310d06708dc7acbb290ad82f6
    md5: 51fc4fcfb19f5d95ffc8c339db5068e8
    platform: osx
  - kind: conda
    name: tzdata
    version: 2022g
    subdir: osx-arm64
    url: "https://conda.anaconda.org/conda-forge/noarch/tzdata-2022g-h191b570_0.conda"
    sha256: 0bfae0b9962bc0dbf79048f9175b913ed4f53c4310d06708dc7acbb290ad82f6
    md5: 51fc4fcfb19f5d95ffc8c339db5068e8
    platform: osx
  - kind: conda
    name: tzdata
    version: 2022g
    subdir: win-64
    url: "https://conda.anaconda.org/conda-forge/noarch/tzdata-2022g-h191b570_0.conda"
    sha256: 0bfae0b9962bc0dbf79048f9175b913ed4f53c4310d06708dc7acbb290ad82f6
    md5: 51fc4fcfb19f5d95ffc8c339db5068e8
    platform: win
  - kind: conda
    name: ucrt
    version: 10.0.22621.0
    subdir: win-64
    url: "https://conda.anaconda.org/conda-forge/win-64/ucrt-10.0.22621.0-h57928b3_0.tar.bz2"
    sha256: f29cdaf8712008f6b419b8b1a403923b00ab2504bfe0fb2ba8eb60e72d4f14c6
    md5: 72608f6cd3e5898229c3ea16deb1ac43
    platform: win
  - kind: conda
    name: vc
    version: "14.3"
    subdir: win-64
    url: "https://conda.anaconda.org/conda-forge/win-64/vc-14.3-hb6edc58_10.conda"
    sha256: 05d5ae5859e8d097559f5445ffbaeac638c9875e4d2a0c5fd8c4bb1c010d35c1
    md5: 52d246d8d14b83c516229be5bb03a163
    depends:
      - vs2015_runtime >=14.34.31931
    platform: win
  - kind: conda
    name: vs2015_runtime
    version: 14.34.31931
    subdir: win-64
    url: "https://conda.anaconda.org/conda-forge/win-64/vs2015_runtime-14.34.31931-h4c5c07a_10.conda"
    sha256: 3a23d4c98bdb87b06bd8af9e42eea34c39a9da52c3dd96ace706234c55422f2d
    md5: 25640086ba777e79e5d233d079d7c5fc
    depends:
      - ucrt >=10.0.20348.0
    platform: win
  - kind: conda
    name: wheel
    version: 0.38.4
    subdir: linux-64
    url: "https://conda.anaconda.org/conda-forge/noarch/wheel-0.38.4-pyhd8ed1ab_0.tar.bz2"
    sha256: bd4f11ff075ff251ade9f57686f31473e25be46ab282d9603f551401250f9f44
    md5: c829cfb8cb826acb9de0ac1a2df0a940
    depends:
      - python >=3.7
    platform: linux
  - kind: conda
    name: wheel
    version: 0.38.4
    subdir: linux-aarch64
    url: "https://conda.anaconda.org/conda-forge/noarch/wheel-0.38.4-pyhd8ed1ab_0.tar.bz2"
    sha256: bd4f11ff075ff251ade9f57686f31473e25be46ab282d9603f551401250f9f44
    md5: c829cfb8cb826acb9de0ac1a2df0a940
    depends:
      - python >=3.7
    platform: linux
  - kind: conda
    name: wheel
    version: 0.38.4
    subdir: linux-ppc64le
    url: "https://conda.anaconda.org/conda-forge/noarch/wheel-0.38.4-pyhd8ed1ab_0.tar.bz2"
    sha256: bd4f11ff075ff251ade9f57686f31473e25be46ab282d9603f551401250f9f44
    md5: c829cfb8cb826acb9de0ac1a2df0a940
    depends:
      - python >=3.7
    platform: linux
  - kind: conda
    name: wheel
    version: 0.38.4
    subdir: osx-64
    url: "https://conda.anaconda.org/conda-forge/noarch/wheel-0.38.4-pyhd8ed1ab_0.tar.bz2"
    sha256: bd4f11ff075ff251ade9f57686f31473e25be46ab282d9603f551401250f9f44
    md5: c829cfb8cb826acb9de0ac1a2df0a940
    depends:
      - python >=3.7
    platform: osx
  - kind: conda
    name: wheel
    version: 0.38.4
    subdir: osx-arm64
    url: "https://conda.anaconda.org/conda-forge/noarch/wheel-0.38.4-pyhd8ed1ab_0.tar.bz2"
    sha256: bd4f11ff075ff251ade9f57686f31473e25be46ab282d9603f551401250f9f44
    md5: c829cfb8cb826acb9de0ac1a2df0a940
    depends:
      - python >=3.7
    platform: osx
  - kind: conda
    name: wheel
    version: 0.38.4
    subdir: win-64
    url: "https://conda.anaconda.org/conda-forge/noarch/wheel-0.38.4-pyhd8ed1ab_0.tar.bz2"
    sha256: bd4f11ff075ff251ade9f57686f31473e25be46ab282d9603f551401250f9f44
    md5: c829cfb8cb826acb9de0ac1a2df0a940
    depends:
      - python >=3.7
    platform: win
  - kind: conda
    name: xz
    version: 5.2.6
    subdir: linux-64
    url: "https://conda.anaconda.org/conda-forge/linux-64/xz-5.2.6-h166bdaf_0.tar.bz2"
    sha256: 03a6d28ded42af8a347345f82f3eebdd6807a08526d47899a42d62d319609162
    md5: 2161070d867d1b1204ea749c8eec4ef0
    depends:
      - libgcc-ng >=12
    platform: linux
  - kind: conda
    name: xz
    version: 5.2.6
    subdir: linux-aarch64
    url: "https://conda.anaconda.org/conda-forge/linux-aarch64/xz-5.2.6-h9cdd2b7_0.tar.bz2"
    sha256: 93f58a7b393adf41fa007ac8c55978765e957e90cd31877ece1e5a343cb98220
    md5: 83baad393a31d59c20b63ba4da6592df
    depends:
      - libgcc-ng >=12
    platform: linux
  - kind: conda
    name: xz
    version: 5.2.6
    subdir: linux-ppc64le
    url: "https://conda.anaconda.org/conda-forge/linux-ppc64le/xz-5.2.6-hb283c62_0.tar.bz2"
    sha256: d03eb2b53dc61ac97c88b3ca023cf19c2b83b97520725b3c2ec0bff2c47f4a98
    md5: a411645e44054e333573ee5280fdb89b
    depends:
      - libgcc-ng >=12
    platform: linux
  - kind: conda
    name: xz
    version: 5.2.6
    subdir: osx-64
    url: "https://conda.anaconda.org/conda-forge/osx-64/xz-5.2.6-h775f41a_0.tar.bz2"
    sha256: eb09823f34cc2dd663c0ec4ab13f246f45dcd52e5b8c47b9864361de5204a1c8
    md5: a72f9d4ea13d55d745ff1ed594747f10
    platform: osx
  - kind: conda
    name: xz
    version: 5.2.6
    subdir: osx-arm64
    url: "https://conda.anaconda.org/conda-forge/osx-arm64/xz-5.2.6-h57fd34a_0.tar.bz2"
    sha256: 59d78af0c3e071021cfe82dc40134c19dab8cdf804324b62940f5c8cd71803ec
    md5: 39c6b54e94014701dd157f4f576ed211
    platform: osx
  - kind: conda
    name: xz
    version: 5.2.6
    subdir: win-64
    url: "https://conda.anaconda.org/conda-forge/win-64/xz-5.2.6-h8d14728_0.tar.bz2"
    sha256: 54d9778f75a02723784dc63aff4126ff6e6749ba21d11a6d03c1f4775f269fe0
    md5: 515d77642eaa3639413c6b1bc3f94219
    depends:
      - "vc >=14.1,<15"
      - vs2015_runtime >=14.16.27033
    platform: win
