---
source: crates/rattler_lock/src/source_identifier.rs
expression: hashes
---
- "child-package[88a7f6f1] @ child-package"
- "minimal-project[a49e4406] @ ../minimal-project"
- "minimal-project[38217f09] @ ../minimal-project"
- "minimal-project[51f9ff09] @ ../minimal-project"
- "a-python-project[515aae60] @ ../a-python-project"
- "b-python-project[5d1dbd01] @ ../a-python-project"
- "pixi-build-package[14aac881] @ pixi-build-package"
- "pixi-url-package[b7c46432] @ pixi-url-package"
- "pixi-tag-package[1b806bd2] @ pixi-tag-package"
- "pixi-rev-package[5a3a5142] @ pixi-rev-package"
