---
source: crates/rattler_lock/src/lib.rs
expression: conda_lock
---
version: 7
platforms:
  - name: linux-64
environments:
  default:
    channels:
      - url: "https://conda.anaconda.org/conda-forge/"
    packages:
      linux-64:
        - conda_source: "pixi-rev-package[d3923cb3] @ pixi-rev-package"
packages:
  - conda_source: "pixi-rev-package[d3923cb3] @ pixi-rev-package"
    version: 0.5.0
    build: pyhbf21a9e_0
    subdir: noarch
    noarch: python
    timestamp: 1774019949000
    source:
      git: "https://github.com/example/pixi-package.git"
      rev: 123abc456def789012345678
