---
source: crates/rattler_lock/src/lib.rs
expression: conda_lock
snapshot_kind: text
---
version: 7
platforms:
  - name: linux-64
  - name: win-64
environments:
  default:
    channels:
      - url: "https://conda.anaconda.org/conda-forge/"
    packages:
      linux-64:
        - conda_source: "minimal-project[6f5cd019] @ ../minimal-project"
      win-64:
        - conda_source: "a-python-project[7b761816] @ ../a-python-project"
        - conda_source: "b-python-project[a43c97be] @ ../a-python-project"
        - conda_source: "minimal-project[9691e62e] @ ../minimal-project"
  second:
    channels:
      - url: "https://conda.anaconda.org/conda-forge/"
    packages:
      win-64:
        - conda_source: "minimal-project[e25f56f4] @ ../minimal-project"
packages:
  - conda_source: "a-python-project[7b761816] @ ../a-python-project"
    version: "0.1"
    build: py38
    build_number: 38
    subdir: noarch
    noarch: python
  - conda_source: "b-python-project[a43c97be] @ ../a-python-project"
    version: "0.1"
    build: h398123
    build_number: 398123
    subdir: noarch
    noarch: python
  - conda_source: "minimal-project[6f5cd019] @ ../minimal-project"
    version: "0.1"
    build: first
    subdir: linux-64
    depends:
      - __unix
  - conda_source: "minimal-project[9691e62e] @ ../minimal-project"
    version: "0.1"
    build: first
    subdir: win-64
    depends:
      - __win
  - conda_source: "minimal-project[e25f56f4] @ ../minimal-project"
    version: "0.1"
    build: second
    subdir: win-64
    depends:
      - __win
