---
source: crates/rattler_lock/src/source_identifier.rs
expression: hashes
---
- "child-package[babbeb69] @ child-package"
- "minimal-project[dff8a4f0] @ ../minimal-project"
- "minimal-project[bde206d9] @ ../minimal-project"
- "minimal-project[70bb0e70] @ ../minimal-project"
- "a-python-project[95788499] @ ../a-python-project"
- "b-python-project[5dc90391] @ ../a-python-project"
- "pixi-build-package[f8ba716d] @ pixi-build-package"
- "pixi-url-package[3b583d10] @ pixi-url-package"
- "pixi-tag-package[d2fa1c1a] @ pixi-tag-package"
- "pixi-rev-package[ebde63dd] @ pixi-rev-package"
