---
source: crates/rattler_conda_types/src/match_spec/parse.rs
expression: evaluated
---
blas *.* mkl: blas * mkl
foo=1.0=py27_0: foo ==1.0 py27_0
foo==1.0=py27_0: foo ==1.0 py27_0
python 3.8.* *_cpython: python 3.8.* *_cpython
pytorch=*=cuda*: pytorch * cuda*
"x264 >=1!164.3095,<1!165": "x264 >=1!164.3095,<1!165"

