---
source: crates/rattler_conda_types/src/match_spec/condition.rs
expression: results
---
- - foobar or bizbaz
  - Or:
      - MatchSpec:
          name: foobar
      - MatchSpec:
          name: bizbaz
- - "python >=3.12 or foobar [version='3.12.*', url='https://foobar.com/bla.tar.bz2']"
  - Or:
      - MatchSpec:
          name: python
          version: ">=3.12"
      - MatchSpec:
          name: foobar
          version: 3.12.*
          url: "https://foobar.com/bla.tar.bz2"
- - foobar and (bizbaz or blabla)
  - And:
      - MatchSpec:
          name: foobar
      - Or:
          - MatchSpec:
              name: bizbaz
          - MatchSpec:
              name: blabla
- - single_condition
  - MatchSpec:
      name: single_condition
- - a and b or c
  - Or:
      - And:
          - MatchSpec:
              name: a
          - MatchSpec:
              name: b
      - MatchSpec:
          name: c
- - (a or b) and (c or d)
  - And:
      - Or:
          - MatchSpec:
              name: a
          - MatchSpec:
              name: b
      - Or:
          - MatchSpec:
              name: c
          - MatchSpec:
              name: d
- - a and (b or (c and d))
  - And:
      - MatchSpec:
          name: a
      - Or:
          - MatchSpec:
              name: b
          - And:
              - MatchSpec:
                  name: c
              - MatchSpec:
                  name: d
- - a and(b or(c and d))
  - And:
      - MatchSpec:
          name: a
      - Or:
          - MatchSpec:
              name: b
          - And:
              - MatchSpec:
                  name: c
              - MatchSpec:
                  name: d
- - "foobar >=1.23 *or* and(b >32.12,<=43 *and or(c and d))"
  - And:
      - MatchSpec:
          name: foobar
          version: ">=1.23"
          build: "*or*"
      - Or:
          - MatchSpec:
              name: b
              version: ">32.12,<=43"
              build: "*and"
          - And:
              - MatchSpec:
                  name: c
              - MatchSpec:
                  name: d
- - "  foo   or   bar  "
  - Or:
      - MatchSpec:
          name: foo
      - MatchSpec:
          name: bar
- - foo_bar and baz_qux
  - And:
      - MatchSpec:
          name: foo_bar
      - MatchSpec:
          name: baz_qux
- - (alpha and beta) or (gamma and (delta or epsilon))
  - Or:
      - And:
          - MatchSpec:
              name: alpha
          - MatchSpec:
              name: beta
      - And:
          - MatchSpec:
              name: gamma
          - Or:
              - MatchSpec:
                  name: delta
              - MatchSpec:
                  name: epsilon
